<html>
<body>
<pre>
<h1>礦ision Build Log</h1>
<h2>Tool Versions:</h2>
IDE-Version: μVision V5.14.1
Copyright (C) 2015 ARM Ltd and ARM Germany GmbH. All rights reserved.
License Information: 11 abc, 11, LIC=FYKPC-7QN7L-ZWP2V-P1DU4-0IQFR-9E5X7
 
Tool Versions:
Toolchain:       MDK-ARM Standard  Version: 5.23
Toolchain Path:  C:\Keil_v5\ARM\ARMCC\Bin
C Compiler:      Armcc.exe V5.06 update 4 (build 422)
Assembler:       Armasm.exe V5.06 update 4 (build 422)
Linker/Locator:  ArmLink.exe V5.06 update 4 (build 422)
Library Manager: ArmAr.exe V5.06 update 4 (build 422)
Hex Converter:   FromElf.exe V5.06 update 4 (build 422)
CPU DLL:         SARMCM3.DLL V5.23
Dialog DLL:      DARMCM1.DLL V1.17.0.0
Target DLL:      SinoLink.DLL V1.00
Dialog DLL:      TARMCM1.DLL V1.12.0.0
 
<h2>Project:</h2>
E:\项目\万家乐\燃热自适应\自适应硬件2.0版本\WJL-RSQ-ZSY\Project\SH30F9xxx.uvproj
Project File Date:  04/07/2025

<h2>Output:</h2>
*** Using Compiler 'V5.06 update 4 (build 422)', folder: 'C:\Keil_v5\ARM\ARMCC\Bin'
Build target 'Target 1'
compiling drv_InOutPut.c...
linking...
Program Size: Code=44588 RO-data=9072 RW-data=440 ZI-data=2336  
FromELF: creating hex file...
".\Objects\SH30F9xxx.axf" - 0 Error(s), 0 Warning(s).
</pre>
</body>
</html>
