<html>
<body>
<pre>
<h1>µVision Build Log</h1>
<h2>Tool Versions:</h2>
IDE-Version: ¦ÌVision V5.14.1
Copyright (C) 2015 ARM Ltd and ARM Germany GmbH. All rights reserved.
License Information: 11 abc, 11, LIC=FYKPC-7QN7L-ZWP2V-P1DU4-0IQFR-9E5X7
 
Tool Versions:
Toolchain:       MDK-ARM Standard  Version: 5.23
Toolchain Path:  C:\Keil_v5\ARM\ARMCC\Bin
C Compiler:      Armcc.exe V5.06 update 4 (build 422)
Assembler:       Armasm.exe V5.06 update 4 (build 422)
Linker/Locator:  ArmLink.exe V5.06 update 4 (build 422)
Library Manager: ArmAr.exe V5.06 update 4 (build 422)
Hex Converter:   FromElf.exe V5.06 update 4 (build 422)
CPU DLL:         SARMCM3.DLL V5.23
Dialog DLL:      DARMCM1.DLL V1.17.0.0
Target DLL:      SinoLink.DLL V1.00
Dialog DLL:      TARMCM1.DLL V1.12.0.0
 
<h2>Project:</h2>
D:\git\zsy2.0\WJL-RSQ-ZSY\Project\SH30F9xxx.uvproj
Project File Date:  04/07/2025

<h2>Output:</h2>
*** Using Compiler 'V5.06 update 4 (build 422)', folder: 'C:\Keil_v5\ARM\ARMCC\Bin'
Build target 'Target 1'
compiling main.c...
compiling sh30f9xx_sb0_interrupt.c...
compiling Task.c...
compiling user_Comm.c...
compiling user_DCFan.c...
compiling user_systemRun.c...
compiling user_TmpCtrl.c...
compiling user_MachineInfo.c...
compiling user_temper.c...
compiling user_SegCtrl.c...
compiling user_debug.c...
compiling user_washMode.c...
compiling user_Function.c...
compiling user_Pump.c...
compiling user_adaptive.c...
compiling filter.c...
compiling bsp_gpio.c...
compiling drv_InOutPut.c...
compiling SoftwareI2C.c...
compiling drv_DCFan.c...
compiling drv_Pump.c...
compiling FIFO.c...
compiling mdl_adc.c...
compiling mdl_GetWave.c...
compiling mdl_usart.c...
compiling mdl_Valve.c...
compiling mdl_BLF.c...
compiling mdl_flash.c...
compiling mdl_DS1302.c...
compiling SPL06_01.c...
compiling mdl_filter.c...
compiling fsm.c...
compiling fsm_endClean.c...
compiling fsm_error.c...
compiling fsm_idle.c...
compiling fsm_igintion.c...
compiling fsm_init.c...
compiling fsm_preFan.c...
compiling fsm_stable.c...
compiling fsm_debug.c...
compiling fsm_F6.c...
compiling fsm_E0.c...
compiling WJL_RSQ_Ai_V1.c...
linking...
Program Size: Code=44368 RO-data=9072 RW-data=440 ZI-data=2320  
FromELF: creating hex file...
".\Objects\SH30F9xxx.axf" - 0 Error(s), 0 Warning(s).
</pre>
</body>
</html>
