Component: ARM Compiler 5.06 update 4 (build 422) Tool: armlink [4d35d2]

==============================================================================

Section Cross References

    system_sh30f9xx_sb0.o(i.SystemCoreClockUpdate) refers to system_sh30f9xx_sb0.o(.data) for SystemCoreClock
    system_sh30f9xx_sb0.o(i.SystemInit) refers to system_sh30f9xx_sb0.o(i.SetSysClockToHSI) for SetSysClockToHSI
    startup_sh30f9xx_sb0_keil.o(RESET) refers to startup_sh30f9xx_sb0_keil.o(STACK) for system_stack_top
    startup_sh30f9xx_sb0_keil.o(RESET) refers to startup_sh30f9xx_sb0_keil.o(.text) for Reset_Handler
    startup_sh30f9xx_sb0_keil.o(RESET) refers to sh30f9xx_sb0_interrupt.o(i.NMI_Handler) for NMI_Handler
    startup_sh30f9xx_sb0_keil.o(RESET) refers to sh30f9xx_sb0_interrupt.o(i.HardFault_Handler) for HardFault_Handler
    startup_sh30f9xx_sb0_keil.o(RESET) refers to sh30f9xx_sb0_interrupt.o(i.SVC_Handler) for SVC_Handler
    startup_sh30f9xx_sb0_keil.o(RESET) refers to sh30f9xx_sb0_interrupt.o(i.PendSV_Handler) for PendSV_Handler
    startup_sh30f9xx_sb0_keil.o(RESET) refers to sh30f9xx_sb0_interrupt.o(i.SysTick_Handler) for SysTick_Handler
    startup_sh30f9xx_sb0_keil.o(RESET) refers to sh30f9xx_sb0_interrupt.o(i.ADC_Handler) for ADC_Handler
    startup_sh30f9xx_sb0_keil.o(RESET) refers to sh30f9xx_sb0_interrupt.o(i.PCA1_Handler) for PCA1_Handler
    startup_sh30f9xx_sb0_keil.o(RESET) refers to mdl_getwave.o(i.EXTI9_4_Handler) for EXTI9_4_Handler
    startup_sh30f9xx_sb0_keil.o(RESET) refers to bsp_uart0.o(i.UART0_Handler) for UART0_Handler
    startup_sh30f9xx_sb0_keil.o(RESET) refers to bsp_uart1.o(i.UART1_Handler) for UART1_Handler
    startup_sh30f9xx_sb0_keil.o(RESET) refers to mdl_usart.o(i.UART2_Handler) for UART2_Handler
    startup_sh30f9xx_sb0_keil.o(RESET) refers to mdl_getwave.o(i.EXTI15_10_Handler) for EXTI15_10_Handler
    startup_sh30f9xx_sb0_keil.o(RESET) refers to sh30f9xx_sb0_interrupt.o(i.TIM2_FIFO1_Handler) for TIM2_FIFO1_Handler
    startup_sh30f9xx_sb0_keil.o(.text) refers to system_sh30f9xx_sb0.o(i.SystemInit) for SystemInit
    startup_sh30f9xx_sb0_keil.o(.text) refers to entry.o(.ARM.Collect$$$$00000000) for __main
    main.o(i.main) refers to bsp_iwdt.o(i.bsp_iwdt_init) for bsp_iwdt_init
    main.o(i.main) refers to bsp_lvr.o(i.bsp_lvr_init) for bsp_lvr_init
    main.o(i.main) refers to bsp_gpio.o(i.bsp_gpio_init) for bsp_gpio_init
    main.o(i.main) refers to bsp_adc.o(i.bsp_adc_init) for bsp_adc_init
    main.o(i.main) refers to bsp_exit.o(i.bsp_exit_init) for bsp_exit_init
    main.o(i.main) refers to bsp_pca.o(i.bsp_pca_init) for bsp_pca_init
    main.o(i.main) refers to bsp_pwm.o(i.bsp_pwm_init) for bsp_pwm_init
    main.o(i.main) refers to bsp_systick.o(i.bsp_systick_init) for bsp_systick_init
    main.o(i.main) refers to bsp_tim.o(i.bsp_tim_init) for bsp_tim_init
    main.o(i.main) refers to bsp_uart2.o(i.bsp_uart2_init) for bsp_uart2_init
    main.o(i.main) refers to task.o(i.softInit) for softInit
    main.o(i.main) refers to task.o(i.task) for task
    sh30f9xx_sb0_interrupt.o(i.NMI_Handler) refers to sh30f9xx_sb0_rcc.o(i.RCC_GetFlagStatus) for RCC_GetFlagStatus
    sh30f9xx_sb0_interrupt.o(i.NMI_Handler) refers to sh30f9xx_sb0_rcc.o(i.RCC_GetAHBClockDivision) for RCC_GetAHBClockDivision
    sh30f9xx_sb0_interrupt.o(i.NMI_Handler) refers to sh30f9xx_sb0_rcc.o(i.RCC_SetAHBClockDivision) for RCC_SetAHBClockDivision
    sh30f9xx_sb0_interrupt.o(i.NMI_Handler) refers to sh30f9xx_sb0_rcc.o(i.RCC_HSIOnOff) for RCC_HSIOnOff
    sh30f9xx_sb0_interrupt.o(i.NMI_Handler) refers to sh30f9xx_sb0_rcc.o(i.RCC_GetHSEReadyFlag) for RCC_GetHSEReadyFlag
    sh30f9xx_sb0_interrupt.o(i.NMI_Handler) refers to sh30f9xx_sb0_rcc.o(i.RCC_SetSystemClockSource) for RCC_SetSystemClockSource
    sh30f9xx_sb0_interrupt.o(i.NMI_Handler) refers to sh30f9xx_sb0_rcc.o(i.RCC_HSEOnOff) for RCC_HSEOnOff
    sh30f9xx_sb0_interrupt.o(i.NMI_Handler) refers to sh30f9xx_sb0_hwdt.o(i.HWDT_ReloadCounter) for HWDT_ReloadCounter
    sh30f9xx_sb0_interrupt.o(i.NMI_Handler) refers to sh30f9xx_sb0_rcc.o(i.RCC_ClearITPendingBit) for RCC_ClearITPendingBit
    sh30f9xx_sb0_interrupt.o(i.NMI_Handler) refers to sh30f9xx_sb0_interrupt.o(.data) for clockDivision
    sh30f9xx_sb0_interrupt.o(i.SysTick_Handler) refers to task.o(i.taskTick) for taskTick
    sh30f9xx_sb0_interrupt.o(i.SysTick_Handler) refers to mdl_usart.o(i.usartCheckReceive) for usartCheckReceive
    sh30f9xx_sb0_interrupt.o(i.SysTick_Handler) refers to user_comm.o(i.comm_tick) for comm_tick
    sh30f9xx_sb0_interrupt.o(i.SysTick_Handler) refers to mdl_valve.o(i.ValveWorkCtrl) for ValveWorkCtrl
    sh30f9xx_sb0_interrupt.o(i.TIM2_FIFO1_Handler) refers to mdl_getwave.o(i.CheckPulseTm) for CheckPulseTm
    task.o(i.drv_handle) refers to user_comm.o(i.Comm_Recv) for Comm_Recv
    task.o(i.drv_handle) refers to drv_inoutput.o(i.Drv_InOutput_Process) for Drv_InOutput_Process
    task.o(i.drv_handle) refers to mdl_getwave.o(i.GetWaveTask) for GetWaveTask
[...]
    Drv_SetBlfPWM                            0x0000174d   Thumb Code    36  mdl_blf.o(i.Drv_SetBlfPWM)
    Drv_SetDCFanPWM                          0x0000177d   Thumb Code   202  drv_dcfan.o(i.Drv_SetDCFanPWM)
    Drv_SetPumpPWM                           0x0000186d   Thumb Code    30  drv_pump.o(i.Drv_SetPumpPWM)
    E2EraseSector                            0x00001895   Thumb Code    26  bsp_eeprom.o(i.E2EraseSector)
    E2WriteBuf                               0x000018af   Thumb Code    92  bsp_eeprom.o(i.E2WriteBuf)
    EXTI15_10_Handler                        0x0000190d   Thumb Code   130  mdl_getwave.o(i.EXTI15_10_Handler)
    EXTI9_4_Handler                          0x00001995   Thumb Code     2  mdl_getwave.o(i.EXTI9_4_Handler)
    EXTI_ClearPendingFlag                    0x00001999   Thumb Code    14  sh30f9xx_sb0_exti.o(i.EXTI_ClearPendingFlag)
    EXTI_GetPendingFlagStatus                0x000019ad   Thumb Code    20  sh30f9xx_sb0_exti.o(i.EXTI_GetPendingFlagStatus)
    EXTI_Init                                0x000019c5   Thumb Code   262  sh30f9xx_sb0_exti.o(i.EXTI_Init)
    EXTI_PinConfig                           0x00001ad1   Thumb Code    82  sh30f9xx_sb0_exti.o(i.EXTI_PinConfig)
    FLASH_CacheReset                         0x00001b29   Thumb Code    22  sh30f9xx_sb0_flash.o(i.FLASH_CacheReset)
    FLASH_ClearFlag                          0x00001b4d   Thumb Code    14  sh30f9xx_sb0_flash.o(i.FLASH_ClearFlag)
    FLASH_Clear_PGMWindow                    0x00001b61   Thumb Code    12  sh30f9xx_sb0_flash.o(i.FLASH_Clear_PGMWindow)
    FLASH_E2_EraseSector                     0x00001b71   Thumb Code    60  sh30f9xx_sb0_flash.o(i.FLASH_E2_EraseSector)
    FLASH_E2_Lock                            0x00001bb5   Thumb Code    18  sh30f9xx_sb0_flash.o(i.FLASH_E2_Lock)
    FLASH_E2_ProgramHalfWord                 0x00001bcd   Thumb Code    60  sh30f9xx_sb0_flash.o(i.FLASH_E2_ProgramHalfWord)
    FLASH_E2_ProgramPage_HalfWord            0x00001c11   Thumb Code   112  sh30f9xx_sb0_flash.o(i.FLASH_E2_ProgramPage_HalfWord)
    FLASH_E2_ReadByte                        0x00001c85   Thumb Code    30  sh30f9xx_sb0_flash.o(i.FLASH_E2_ReadByte)
    FLASH_E2_Unlock                          0x00001ca9   Thumb Code    96  sh30f9xx_sb0_flash.o(i.FLASH_E2_Unlock)
    FLASH_GetStatus                          0x00001d19   Thumb Code   130  sh30f9xx_sb0_flash.o(i.FLASH_GetStatus)
    FLASH_Set_PGMWindow                      0x00001da1   Thumb Code    14  sh30f9xx_sb0_flash.o(i.FLASH_Set_PGMWindow)
    FLASH_Verify_Byte                        0x00001db5   Thumb Code    40  sh30f9xx_sb0_flash.o(i.FLASH_Verify_Byte)
    FLASH_WaitForLastOperation               0x00001ddd   Thumb Code    34  sh30f9xx_sb0_flash.o(i.FLASH_WaitForLastOperation)
    FSM                                      0x00001e01   Thumb Code    58  fsm.o(i.FSM)
    FanTypeJudge                             0x00001e45   Thumb Code   196  user_debug.o(i.FanTypeJudge)
    Flame_Check                              0x00001f19   Thumb Code    90  user_systemrun.o(i.Flame_Check)
    FsmDebugDoingHandler                     0x00001f7d   Thumb Code  1346  fsm_debug.o(i.FsmDebugDoingHandler)
    FsmDebugEnterHandler                     0x000024cd   Thumb Code    22  fsm_debug.o(i.FsmDebugEnterHandler)
    FsmE0DoingHandler                        0x000024e9   Thumb Code    40  fsm_e0.o(i.FsmE0DoingHandler)
    FsmE0EnterHandler                        0x00002511   Thumb Code    40  fsm_e0.o(i.FsmE0EnterHandler)
    FsmEndCleanDoingHandler                  0x0000253d   Thumb Code    60  fsm_endclean.o(i.FsmEndCleanDoingHandler)
    FsmEndCleanEnterHandler                  0x00002579   Thumb Code    18  fsm_endclean.o(i.FsmEndCleanEnterHandler)
    FsmErrorDoingHandler                     0x00002591   Thumb Code   238  fsm_error.o(i.FsmErrorDoingHandler)
    FsmErrorEnterHandler                     0x00002681   Thumb Code    52  fsm_error.o(i.FsmErrorEnterHandler)
    FsmF6DoingHandler                        0x000026b9   Thumb Code   174  fsm_f6.o(i.FsmF6DoingHandler)
    FsmF6EnterHandler                        0x00002769   Thumb Code    18  fsm_f6.o(i.FsmF6EnterHandler)
    FsmIdleEnterDoingHandler                 0x00002781   Thumb Code   216  fsm_idle.o(i.FsmIdleEnterDoingHandler)
    FsmIdleEnterHandler                      0x0000285d   Thumb Code    40  fsm_idle.o(i.FsmIdleEnterHandler)
    FsmIgintionDoingHandler                  0x00002889   Thumb Code   742  fsm_igintion.o(i.FsmIgintionDoingHandler)
    FsmIgintionEnterHandler                  0x00002b81   Thumb Code    26  fsm_igintion.o(i.FsmIgintionEnterHandler)
    FsmInitDoingHandler                      0x00002ba1   Thumb Code   136  fsm_init.o(i.FsmInitDoingHandler)
    FsmInitEnterHandler                      0x00002c29   Thumb Code    42  fsm_init.o(i.FsmInitEnterHandler)
    FsmPreFanDoingHandler                    0x00002c59   Thumb Code   562  fsm_prefan.o(i.FsmPreFanDoingHandler)
    FsmPreFanEnterHandler                    0x00002e99   Thumb Code    18  fsm_prefan.o(i.FsmPreFanEnterHandler)
    FsmStableDoingHandler                    0x00002eb1   Thumb Code   550  fsm_stable.o(i.FsmStableDoingHandler)
    FsmStableEnterHandler                    0x000030ed   Thumb Code    34  fsm_stable.o(i.FsmStableEnterHandler)
    FunFunction                              0x00003115   Thumb Code    54  user_function.o(i.FunFunction)
    FunctionInit                             0x00003151   Thumb Code    32  user_function.o(i.FunctionInit)
    FunctionPercentLimit                     0x00003175   Thumb Code    22  user_tmpctrl.o(i.FunctionPercentLimit)
    FunctionU32Add                           0x0000318b   Thumb Code    20  user_function.o(i.FunctionU32Add)
    GPIO_InHZ                                0x0000319f   Thumb Code    48  bsp_gpio.o(i.GPIO_InHZ)
    GPIO_InPU                                0x000031cf   Thumb Code    60  bsp_gpio.o(i.GPIO_InPU)
    GPIO_Init                                0x0000320b   Thumb Code   136  sh30f9xx_sb0_gpio.o(i.GPIO_Init)
    GPIO_OutL                                0x00003293   Thumb Code    60  bsp_gpio.o(i.GPIO_OutL)
    GPIO_OutOD                               0x000032cf   Thumb Code    64  bsp_gpio.o(i.GPIO_OutOD)
    GPIO_PinAFConfig                         0x0000330f   Thumb Code    96  sh30f9xx_sb0_gpio.o(i.GPIO_PinAFConfig)
    GPIO_ReadInputDataBit                    0x0000336f   Thumb Code    20  sh30f9xx_sb0_gpio.o(i.GPIO_ReadInputDataBit)
    GPIO_ResetBits                           0x00003383   Thumb Code     6  sh30f9xx_sb0_gpio.o(i.GPIO_ResetBits)
    GPIO_SetBits                             0x00003389   Thumb Code     4  sh30f9xx_sb0_gpio.o(i.GPIO_SetBits)
    GPIO_StructInit                          0x0000338d   Thumb Code    16  sh30f9xx_sb0_gpio.o(i.GPIO_StructInit)
    GasErrFunction                           0x000033a1   Thumb Code   366  user_function.o(i.GasErrFunction)
    GasExpedFunction                         0x00003519   Thumb Code    68  user_function.o(i.GasExpedFunction)
    GetBasicBlfMax                           0x00003565   Thumb Code    56  user_tmpctrl.o(i.GetBasicBlfMax)
    GetBasicBlfMin                           0x0000359d   Thumb Code    24  user_tmpctrl.o(i.GetBasicBlfMin)
    GetBlfCurOut                             0x000035b5   Thumb Code     6  mdl_blf.o(i.GetBlfCurOut)
    GetBlfFromLoad                           0x000035c1   Thumb Code   178  user_tmpctrl.o(i.GetBlfFromLoad)
    GetBlfIFromFanSet                        0x00003679   Thumb Code    30  user_dcfan.o(i.GetBlfIFromFanSet)
    GetBlfIFromPercent                       0x00003697   Thumb Code    48  user_tmpctrl.o(i.GetBlfIFromPercent)
    GetBlfIFromSeg                           0x000036c7   Thumb Code    36  user_segctrl.o(i.GetBlfIFromSeg)
    GetCommDebugData                         0x000036ed   Thumb Code   276  user_debug.o(i.GetCommDebugData)
    GetCommSet                               0x0000380d   Thumb Code     4  user_comm.o(i.GetCommSet)
    GetDCFanData                             0x00003815   Thumb Code     4  user_dcfan.o(i.GetDCFanData)
    GetDCFanSet                              0x0000381d   Thumb Code     6  drv_dcfan.o(i.GetDCFanSet)
    GetDbgInfo                               0x00003829   Thumb Code    10  user_debug.o(i.GetDbgInfo)
    GetDebugFaMax                            0x000038d1   Thumb Code     4  user_comm.o(i.GetDebugFaMax)
    GetDebugIndexMax                         0x000038d5   Thumb Code     4  user_debug.o(i.GetDebugIndexMax)
    GetFanUFromBlf                           0x000038d9   Thumb Code    48  user_dcfan.o(i.GetFanUFromBlf)
    GetFirstSwSeg                            0x0000390d   Thumb Code    10  user_tmpctrl.o(i.GetFirstSwSeg)
    GetFlashDataSector0                      0x0000391d   Thumb Code     4  mdl_flash.o(i.GetFlashDataSector0)
    GetFlashDataSector1                      0x00003925   Thumb Code     4  mdl_flash.o(i.GetFlashDataSector1)
    GetFsmState                              0x0000392d   Thumb Code     6  fsm.o(i.GetFsmState)
    GetFunOutputs                            0x00003939   Thumb Code     4  user_function.o(i.GetFunOutputs)
    GetInportsSta                            0x00003941   Thumb Code     4  drv_inoutput.o(i.GetInportsSta)
    GetMaInfo                                0x00003a8d   Thumb Code     4  user_machineinfo.o(i.GetMaInfo)
    GetMachineInfo_Z8L                       0x00003b35   Thumb Code  1616  user_machineinfo.o(i.GetMachineInfo_Z8L)
    GetMdlTmpVal                             0x000041b9   Thumb Code   144  user_temper.o(i.GetMdlTmpVal)
    GetPercentFromBlfI                       0x00004645   Thumb Code    78  user_tmpctrl.o(i.GetPercentFromBlfI)
    GetPercentFromFanU                       0x00004695   Thumb Code    84  user_dcfan.o(i.GetPercentFromFanU)
    GetPreHeatCD                             0x000046ed   Thumb Code    82  user_pump.o(i.GetPreHeatCD)
    GetPreHeatStudy                          0x0000474d   Thumb Code    42  user_pump.o(i.GetPreHeatStudy)
    GetPreHeatTime                           0x0000477d   Thumb Code    20  user_pump.o(i.GetPreHeatTime)
    GetSegCtrl                               0x00004795   Thumb Code     4  user_segctrl.o(i.GetSegCtrl)
    GetSurState                              0x0000479d   Thumb Code    40  user_systemrun.o(i.GetSurState)
    GetSystemRunData                         0x000047c5   Thumb Code     4  user_systemrun.o(i.GetSystemRunData)
    GetTmpCtrlData                           0x000048fd   Thumb Code     4  user_tmpctrl.o(i.GetTmpCtrlData)
    GetValveError                            0x00004905   Thumb Code    16  mdl_valve.o(i.GetValveError)
    GetValveOpenSta                          0x00004919   Thumb Code    14  mdl_valve.o(i.GetValveOpenSta)
    GetValveShortSta                         0x0000492d   Thumb Code    14  mdl_valve.o(i.GetValveShortSta)
    GetWashModeData                          0x00004941   Thumb Code     4  user_washmode.o(i.GetWashModeData)
    GetWaveInit                              0x00004949   Thumb Code    30  mdl_getwave.o(i.GetWaveInit)
    GetWaveSensorValue                       0x0000496d   Thumb Code    12  mdl_getwave.o(i.GetWaveSensorValue)
    GetWaveTask                              0x0000497d   Thumb Code   488  mdl_getwave.o(i.GetWaveTask)
    GetWorkCon                               0x00004b71   Thumb Code     4  user_machineinfo.o(i.GetWorkCon)
    GetpPumpParm                             0x00004b79   Thumb Code     4  user_pump.o(i.GetpPumpParm)
    HWDT_ConfigPeriod                        0x00004b81   Thumb Code    22  sh30f9xx_sb0_hwdt.o(i.HWDT_ConfigPeriod)
    HWDT_ReloadCounter                       0x00004ba1   Thumb Code     8  sh30f9xx_sb0_hwdt.o(i.HWDT_ReloadCounter)
    HardFault_Handler                        0x00004bb1   Thumb Code    10  sh30f9xx_sb0_interrupt.o(i.HardFault_Handler)
    KitFunction                              0x00004cb5   Thumb Code   110  user_washmode.o(i.KitFunction)
    MDL_SetBlfOut                            0x00004d29   Thumb Code     6  mdl_blf.o(i.MDL_SetBlfOut)
    NMI_Handler                              0x00005401   Thumb Code    98  sh30f9xx_sb0_interrupt.o(i.NMI_Handler)
    PCA1_Handler                             0x000054f5   Thumb Code    16  sh30f9xx_sb0_interrupt.o(i.PCA1_Handler)
    PCA_Init                                 0x00005509   Thumb Code    86  sh30f9xx_sb0_pca.o(i.PCA_Init)
    PCA_OnOff                                0x00005569   Thumb Code    26  sh30f9xx_sb0_pca.o(i.PCA_OnOff)
    PCA_SetCCRValue                          0x00005589   Thumb Code    20  sh30f9xx_sb0_pca.o(i.PCA_SetCCRValue)
    PCA_StructInit                           0x000055a1   Thumb Code   214  sh30f9xx_sb0_pca.o(i.PCA_StructInit)
    PID_realize                              0x00005679   Thumb Code   202  wjl_rsq_ai_v1.o(i.PID_realize)
    PWM_Init                                 0x0000574d   Thumb Code    42  sh30f9xx_sb0_pwm.o(i.PWM_Init)
    PWM_OnOff                                0x0000577d   Thumb Code    32  sh30f9xx_sb0_pwm.o(i.PWM_OnOff)
    PWM_OutputMode                           0x000057a1   Thumb Code    76  sh30f9xx_sb0_pwm.o(i.PWM_OutputMode)
    PWM_SetDuty                              0x000057f1   Thumb Code    12  sh30f9xx_sb0_pwm.o(i.PWM_SetDuty)
    PendSV_Handler                           0x00005801   Thumb Code     2  sh30f9xx_sb0_interrupt.o(i.PendSV_Handler)
    Pid_Init                                 0x00005805   Thumb Code    14  wjl_rsq_ai_v1.o(i.Pid_Init)
    ProtcetFunction                          0x00005881   Thumb Code   376  user_function.o(i.ProtcetFunction)
    PumpBurstFunction                        0x00005a15   Thumb Code   206  user_pump.o(i.PumpBurstFunction)
    PumpColdFunction                         0x00005af1   Thumb Code   100  user_pump.o(i.PumpColdFunction)
    PumpComm                                 0x00005b5d   Thumb Code   370  user_pump.o(i.PumpComm)
    PumpCycleFunction                        0x00005cd5   Thumb Code   210  user_pump.o(i.PumpCycleFunction)
    PumpCycleTime                            0x00005db9   Thumb Code    56  user_pump.o(i.PumpCycleTime)
    PumpErrCheck                             0x00005e01   Thumb Code    92  user_pump.o(i.PumpErrCheck)
    PumpForceFunction                        0x00005e65   Thumb Code    18  user_pump.o(i.PumpForceFunction)
    PumpFunction                             0x00005e81   Thumb Code    80  user_pump.o(i.PumpFunction)
    PumpFunctionInit                         0x00005ed9   Thumb Code    16  user_pump.o(i.PumpFunctionInit)
    PumpHeatAble                             0x00005eed   Thumb Code   476  user_pump.o(i.PumpHeatAble)
    PumpHeatFunction                         0x000060d1   Thumb Code   368  user_pump.o(i.PumpHeatFunction)
    PumpHeatStopCnt                          0x00006265   Thumb Code    92  user_pump.o(i.PumpHeatStopCnt)
    PumpHeatTime                             0x000062c9   Thumb Code   126  user_pump.o(i.PumpHeatTime)
    PumpParmReSet                            0x00006351   Thumb Code    14  user_pump.o(i.PumpParmReSet)
    PumpStudyAction                          0x00006361   Thumb Code    74  user_pump.o(i.PumpStudyAction)
    PumpStudyCatch                           0x000063b1   Thumb Code   306  user_pump.o(i.PumpStudyCatch)
    PumpStudyGetTime                         0x00006509   Thumb Code    38  user_pump.o(i.PumpStudyGetTime)
    PumpStudySet                             0x00006531   Thumb Code    86  user_pump.o(i.PumpStudySet)
    PumpStudyTimeInit                        0x00006591   Thumb Code    36  user_pump.o(i.PumpStudyTimeInit)
    PumpTmpStop                              0x000065b9   Thumb Code    46  user_pump.o(i.PumpTmpStop)
    PumpUnworkFunction                       0x000065e9   Thumb Code   406  user_pump.o(i.PumpUnworkFunction)
    PumpWaterCtrl                            0x000067b5   Thumb Code   152  user_pump.o(i.PumpWaterCtrl)
    Pump_StateFunction                       0x00006859   Thumb Code    42  user_pump.o(i.Pump_StateFunction)
    Pump_Timer                               0x00006891   Thumb Code   316  user_pump.o(i.Pump_Timer)
    Pump_Work                                0x000069f1   Thumb Code   138  user_pump.o(i.Pump_Work)
    RCC_AHBPeriphClockOnOff                  0x00006a89   Thumb Code    38  sh30f9xx_sb0_rcc.o(i.RCC_AHBPeriphClockOnOff)
    RCC_APB0PeriphClockOnOff                 0x00006ab9   Thumb Code    38  sh30f9xx_sb0_rcc.o(i.RCC_APB0PeriphClockOnOff)
    RCC_APB0PeriphReset                      0x00006ae9   Thumb Code    16  sh30f9xx_sb0_rcc.o(i.RCC_APB0PeriphReset)
    RCC_APB1PeriphClockOnOff                 0x00006b01   Thumb Code    38  sh30f9xx_sb0_rcc.o(i.RCC_APB1PeriphClockOnOff)
    RCC_APB1PeriphReset                      0x00006b31   Thumb Code    16  sh30f9xx_sb0_rcc.o(i.RCC_APB1PeriphReset)
    RCC_ClearITPendingBit                    0x00006b49   Thumb Code    52  sh30f9xx_sb0_rcc.o(i.RCC_ClearITPendingBit)
    RCC_GetAHBClockDivision                  0x00006b85   Thumb Code    10  sh30f9xx_sb0_rcc.o(i.RCC_GetAHBClockDivision)
    RCC_GetClocksFreq                        0x00006b95   Thumb Code   254  sh30f9xx_sb0_rcc.o(i.RCC_GetClocksFreq)
    RCC_GetFlagStatus                        0x00006ca1   Thumb Code    20  sh30f9xx_sb0_rcc.o(i.RCC_GetFlagStatus)
    RCC_GetHSEReadyFlag                      0x00006cb9   Thumb Code    10  sh30f9xx_sb0_rcc.o(i.RCC_GetHSEReadyFlag)
    RCC_HSEOnOff                             0x00006cc9   Thumb Code    48  sh30f9xx_sb0_rcc.o(i.RCC_HSEOnOff)
    RCC_HSIOnOff                             0x00006d01   Thumb Code    50  sh30f9xx_sb0_rcc.o(i.RCC_HSIOnOff)
    RCC_SetAHBClockDivision                  0x00006d3d   Thumb Code    30  sh30f9xx_sb0_rcc.o(i.RCC_SetAHBClockDivision)
    RCC_SetSystemClockSource                 0x00006d65   Thumb Code    62  sh30f9xx_sb0_rcc.o(i.RCC_SetSystemClockSource)
    ReSetBathLite                            0x00006dad   Thumb Code    30  user_washmode.o(i.ReSetBathLite)
    ReSetPercent                             0x00006dd1   Thumb Code    32  user_tmpctrl.o(i.ReSetPercent)
    ReadFlash                                0x00006df5   Thumb Code    46  mdl_flash.o(i.ReadFlash)
    RecordLiterFunction                      0x0000718d   Thumb Code    98  user_function.o(i.RecordLiterFunction)
    RefreshBlfMaxMin                         0x00007201   Thumb Code   144  user_tmpctrl.o(i.RefreshBlfMaxMin)
    ResetHeatStable                          0x0000741d   Thumb Code     8  user_tmpctrl.o(i.ResetHeatStable)
    Reset_Pid                                0x00007429   Thumb Code     8  user_tmpctrl.o(i.Reset_Pid)
    SNReSet                                  0x00007431   Thumb Code     8  user_systemrun.o(i.SNReSet)
    SNWrite                                  0x0000743d   Thumb Code    58  user_systemrun.o(i.SNWrite)
    SVC_Handler                              0x0000747d   Thumb Code     2  sh30f9xx_sb0_interrupt.o(i.SVC_Handler)
    SYSCFG_VLVRConfig                        0x00007481   Thumb Code    36  sh30f9xx_sb0_syscfg.o(i.SYSCFG_VLVRConfig)
    SYSCFG_VLVRInit                          0x000074a9   Thumb Code    28  sh30f9xx_sb0_syscfg.o(i.SYSCFG_VLVRInit)
    SegCtrlInit                              0x000074c9   Thumb Code    28  user_segctrl.o(i.SegCtrlInit)
    SegCtrlProcess                           0x000074e9   Thumb Code    16  user_segctrl.o(i.SegCtrlProcess)
    SegCtrl_Timer                            0x000074f9   Thumb Code    46  user_segctrl.o(i.SegCtrl_Timer)
    SelfCelanFunction                        0x00007565   Thumb Code   108  user_function.o(i.SelfCelanFunction)
    SetDcFanUfromBlf                         0x000075d9   Thumb Code    44  user_dcfan.o(i.SetDcFanUfromBlf)
    SetEndCleanTimer                         0x00007605   Thumb Code   106  user_systemrun.o(i.SetEndCleanTimer)
    SetFsmStage                              0x00007679   Thumb Code     6  fsm.o(i.SetFsmStage)
    SetFsmState                              0x00007685   Thumb Code    16  fsm.o(i.SetFsmState)
    SetManualSeg                             0x00007699   Thumb Code    36  user_segctrl.o(i.SetManualSeg)
    SetPumpParm                              0x000076c1   Thumb Code   210  user_pump.o(i.SetPumpParm)
    SetWashEnvState                          0x00007839   Thumb Code   230  user_washmode.o(i.SetWashEnvState)
    SoftI2C_delay                            0x00007929   Thumb Code    14  softwarei2c.o(i.SoftI2C_delay)
    SoftI2C_read_byte                        0x00007939   Thumb Code   168  softwarei2c.o(i.SoftI2C_read_byte)
    SoftI2C_start                            0x000079e5   Thumb Code    76  softwarei2c.o(i.SoftI2C_start)
    SoftI2C_stop                             0x00007a35   Thumb Code    36  softwarei2c.o(i.SoftI2C_stop)
    SoftI2C_write_byte                       0x00007a5d   Thumb Code   162  softwarei2c.o(i.SoftI2C_write_byte)
    SwitchSeg                                0x00007b05   Thumb Code   544  user_segctrl.o(i.SwitchSeg)
    SysTick_Handler                          0x00007d29   Thumb Code    20  sh30f9xx_sb0_interrupt.o(i.SysTick_Handler)
    SystemCoreClockUpdate                    0x00007d3d   Thumb Code    76  system_sh30f9xx_sb0.o(i.SystemCoreClockUpdate)
    SystemFlashInit                          0x00007da1   Thumb Code   198  mdl_flash.o(i.SystemFlashInit)
    SystemInit                               0x00007e79   Thumb Code     8  system_sh30f9xx_sb0.o(i.SystemInit)
    TIM2_FIFO1_Handler                       0x00007e81   Thumb Code    16  sh30f9xx_sb0_interrupt.o(i.TIM2_FIFO1_Handler)
    TIM_INTConfig                            0x00007e95   Thumb Code    92  sh30f9xx_sb0_timer.o(i.TIM_INTConfig)
    TIM_Init                                 0x00007f01   Thumb Code   100  sh30f9xx_sb0_timer.o(i.TIM_Init)
    TIM_OnOff                                0x00007f79   Thumb Code    92  sh30f9xx_sb0_timer.o(i.TIM_OnOff)
    TIM_Reset                                0x00007fe5   Thumb Code    54  sh30f9xx_sb0_timer.o(i.TIM_Reset)
    TmpCtrlInit                              0x00008029   Thumb Code    40  user_tmpctrl.o(i.TmpCtrlInit)
    TmpCtrlPrepare                           0x00008059   Thumb Code   254  user_tmpctrl.o(i.TmpCtrlPrepare)
    TmpCtrlProcess                           0x00008169   Thumb Code   166  user_tmpctrl.o(i.TmpCtrlProcess)
    TmpCtrlVarReset                          0x00008219   Thumb Code    76  user_tmpctrl.o(i.TmpCtrlVarReset)
    UART0_Handler                            0x000082dd   Thumb Code   164  bsp_uart0.o(i.UART0_Handler)
    UART1_Handler                            0x00008389   Thumb Code   164  bsp_uart1.o(i.UART1_Handler)
    UART2_Handler                            0x00008435   Thumb Code   238  mdl_usart.o(i.UART2_Handler)
    UART_ClearFlag                           0x0000852d   Thumb Code    10  sh30f9xx_sb0_uart.o(i.UART_ClearFlag)
    UART_INTConfig                           0x00008537   Thumb Code    20  sh30f9xx_sb0_uart.o(i.UART_INTConfig)
    UART_Init                                0x0000854b   Thumb Code   298  sh30f9xx_sb0_uart.o(i.UART_Init)
    UART_ReceiveData                         0x00008675   Thumb Code    42  sh30f9xx_sb0_uart.o(i.UART_ReceiveData)
    UpdateMaInfo                             0x000086c1   Thumb Code    56  user_machineinfo.o(i.UpdateMaInfo)
    UserWrite                                0x00008705   Thumb Code    34  user_systemrun.o(i.UserWrite)
    UserWrtieSetCD                           0x0000872d   Thumb Code     6  user_systemrun.o(i.UserWrtieSetCD)
    ValveCheckFunction                       0x00008739   Thumb Code   296  mdl_valve.o(i.ValveCheckFunction)
    ValveErrorReset                          0x00008871   Thumb Code    14  mdl_valve.o(i.ValveErrorReset)
    ValveWorkCtrl                            0x00008885   Thumb Code   274  mdl_valve.o(i.ValveWorkCtrl)
    ValveWorkFunction                        0x000089b1   Thumb Code   316  mdl_valve.o(i.ValveWorkFunction)
    WashModeFunction                         0x00008b01   Thumb Code    20  user_washmode.o(i.WashModeFunction)
    WashModeInit                             0x00008b15   Thumb Code    54  user_washmode.o(i.WashModeInit)
    WashModeJdg                              0x00008b51   Thumb Code   284  user_washmode.o(i.WashModeJdg)
    WaterExpedFunction                       0x00008c8d   Thumb Code    94  user_function.o(i.WaterExpedFunction)
    WaterGasInit                             0x00008cf5   Thumb Code    26  user_function.o(i.WaterGasInit)
    WaterGasRecord                           0x00008d21   Thumb Code   246  user_function.o(i.WaterGasRecord)
    Water_Check                              0x00008e35   Thumb Code   240  user_systemrun.o(i.Water_Check)
    WriteFlash                               0x00008f31   Thumb Code    66  mdl_flash.o(i.WriteFlash)
    __ARM_clz                                0x00008f73   Thumb Code    46  depilogue.o(i.__ARM_clz)
    __ARM_common_switch8                     0x00008fa1   Thumb Code    28  sh30f9xx_sb0_rcc.o(i.__ARM_common_switch8)
    __scatterload_copy                       0x00008fbd   Thumb Code    14  handlers.o(i.__scatterload_copy)
    __scatterload_null                       0x00008fcb   Thumb Code     2  handlers.o(i.__scatterload_null)
    __scatterload_zeroinit                   0x00008fcd   Thumb Code    14  handlers.o(i.__scatterload_zeroinit)
    adc_result_get                           0x00008fdd   Thumb Code    10  mdl_adc.o(i.adc_result_get)
    bps_adc_get_value                        0x00008fed   Thumb Code    74  bsp_adc.o(i.bps_adc_get_value)
    bsp_adc_init                             0x0000903d   Thumb Code   184  bsp_adc.o(i.bsp_adc_init)
    bsp_exit_init                            0x00009101   Thumb Code   212  bsp_exit.o(i.bsp_exit_init)
    bsp_gpio_init                            0x000091e1   Thumb Code   100  bsp_gpio.o(i.bsp_gpio_init)
    bsp_iwdt_init                            0x00009251   Thumb Code    10  bsp_iwdt.o(i.bsp_iwdt_init)
    bsp_lvr_init                             0x0000925b   Thumb Code    24  bsp_lvr.o(i.bsp_lvr_init)
    bsp_pca_init                             0x00009273   Thumb Code     8  bsp_pca.o(i.bsp_pca_init)
    bsp_pca_pwm_init                         0x0000927d   Thumb Code   378  bsp_pca.o(i.bsp_pca_pwm_init)
    bsp_pwm3_init                            0x00009409   Thumb Code   128  bsp_pwm.o(i.bsp_pwm3_init)
    bsp_pwm_init                             0x00009495   Thumb Code     8  bsp_pwm.o(i.bsp_pwm_init)
    bsp_systick_init                         0x0000949d   Thumb Code    64  bsp_systick.o(i.bsp_systick_init)
    bsp_tim2_init                            0x000094e9   Thumb Code    74  bsp_tim.o(i.bsp_tim2_init)
    bsp_tim_init                             0x0000953d   Thumb Code     8  bsp_tim.o(i.bsp_tim_init)
    bsp_uart2_init                           0x00009545   Thumb Code   222  bsp_uart2.o(i.bsp_uart2_init)
    comm_tick                                0x00009631   Thumb Code   110  user_comm.o(i.comm_tick)
    delay_nus                                0x000096b5   Thumb Code    22  mdl_ds1302.o(i.delay_nus)
    drv_handle                               0x000096cb   Thumb Code    16  task.o(i.drv_handle)
    fifoInit                                 0x0000975d   Thumb Code    20  fifo.o(i.fifoInit)
    fifoRead                                 0x00009771   Thumb Code    46  fifo.o(i.fifoRead)
    fifoWrite                                0x0000979f   Thumb Code    52  fifo.o(i.fifoWrite)
    getAdapData                              0x000097d5   Thumb Code     4  user_adaptive.o(i.getAdapData)
    getDataFromComm                          0x000097dd   Thumb Code    54  user_systemrun.o(i.getDataFromComm)
    getOnOffDataFromComm                     0x00009815   Thumb Code   334  user_systemrun.o(i.getOnOffDataFromComm)
    getSetTmpFromComm                        0x0000996d   Thumb Code    94  user_systemrun.o(i.getSetTmpFromComm)
    hb_snsor_process                         0x000099cd   Thumb Code    46  user_adaptive.o(i.hb_snsor_process)
    main                                     0x00009a05   Thumb Code    62  main.o(i.main)
    mdl_adc_handle                           0x00009a4d   Thumb Code   216  mdl_adc.o(i.mdl_adc_handle)
    mdl_adc_init                             0x00009b35   Thumb Code    12  mdl_adc.o(i.mdl_adc_init)
    mdl_handle                               0x00009b45   Thumb Code    28  task.o(i.mdl_handle)
    pGetValveState                           0x00009b61   Thumb Code     4  mdl_valve.o(i.pGetValveState)
    pidCtrlHandle                            0x00009b69   Thumb Code   468  user_tmpctrl.o(i.pidCtrlHandle)
    softInit                                 0x00009d4d   Thumb Code    62  task.o(i.softInit)
    spl0601_get_calib_param                  0x00009d8d   Thumb Code   500  spl06_01.o(i.spl0601_get_calib_param)
    spl0601_get_pressure                     0x00009f89   Thumb Code   276  spl06_01.o(i.spl0601_get_pressure)
    spl0601_get_raw_pressure                 0x0000a0a1   Thumb Code   114  spl06_01.o(i.spl0601_get_raw_pressure)
    spl0601_get_raw_temp                     0x0000a119   Thumb Code   114  spl06_01.o(i.spl0601_get_raw_temp)
    spl0601_get_temperature                  0x0000a191   Thumb Code   116  spl06_01.o(i.spl0601_get_temperature)
    spl0601_init                             0x0000a20d   Thumb Code    54  spl06_01.o(i.spl0601_init)
    spl0601_rateset                          0x0000a24d   Thumb Code   396  spl06_01.o(i.spl0601_rateset)
    spl0601_read                             0x0000a3dd   Thumb Code    56  spl06_01.o(i.spl0601_read)
    spl0601_start_continuous                 0x0000a415   Thumb Code    18  spl06_01.o(i.spl0601_start_continuous)
    spl0601_write                            0x0000a427   Thumb Code    38  spl06_01.o(i.spl0601_write)
    sysBurnAbleCheck                         0x0000a44d   Thumb Code    80  user_systemrun.o(i.sysBurnAbleCheck)
    sysTemRunInit                            0x0000a49d   Thumb Code   112  user_systemrun.o(i.sysTemRunInit)
    systemRun                                0x0000a519   Thumb Code    32  user_systemrun.o(i.systemRun)
    systemSignalInput                        0x0000a539   Thumb Code   236  user_systemrun.o(i.systemSignalInput)
    systemSignalOutPut                       0x0000a625   Thumb Code   108  user_systemrun.o(i.systemSignalOutPut)
    task                                     0x0000a691   Thumb Code    50  task.o(i.task)
    taskTick                                 0x0000a6c9   Thumb Code    62  task.o(i.taskTick)
    temper_err_get                           0x0000a70d   Thumb Code    46  user_temper.o(i.temper_err_get)
    temper_ntc_error_get                     0x0000a741   Thumb Code    10  user_temper.o(i.temper_ntc_error_get)
    temper_result_get                        0x0000a751   Thumb Code    10  user_temper.o(i.temper_result_get)
    usartCheckReceive                        0x0000a761   Thumb Code   140  mdl_usart.o(i.usartCheckReceive)
    usartClearReceive                        0x0000a7f1   Thumb Code    52  mdl_usart.o(i.usartClearReceive)
    usartGetReceive                          0x0000a829   Thumb Code    38  mdl_usart.o(i.usartGetReceive)
    usartInit                                0x0000a855   Thumb Code    90  mdl_usart.o(i.usartInit)
    usartSend                                0x0000a8b5   Thumb Code   146  mdl_usart.o(i.usartSend)
    usartSendOverTimerProt                   0x0000a951   Thumb Code    90  mdl_usart.o(i.usartSendOverTimerProt)
    user_adaptive                            0x0000a9b1   Thumb Code    40  user_adaptive.o(i.user_adaptive)
    user_adaptive_airPress_adjust            0x0000a9dd   Thumb Code    98  user_adaptive.o(i.user_adaptive_airPress_adjust)
    user_adaptive_coupling_adjust            0x0000aa4d   Thumb Code   228  user_adaptive.o(i.user_adaptive_coupling_adjust)
    user_adaptive_init                       0x0000ab3d   Thumb Code    42  user_adaptive.o(i.user_adaptive_init)
    user_adaptive_lowTemper_adjust           0x0000ab6d   Thumb Code   100  user_adaptive.o(i.user_adaptive_lowTemper_adjust)
    user_comm_operator_check_receive         0x0000abd5   Thumb Code   162  user_comm.o(i.user_comm_operator_check_receive)
    user_comm_operator_unpack_receive        0x0000ac89   Thumb Code    38  user_comm.o(i.user_comm_operator_unpack_receive)
    user_handle                              0x0000acb5   Thumb Code    40  task.o(i.user_handle)
    user_temper                              0x0000acdd   Thumb Code   226  user_temper.o(i.user_temper)
    user_temper_init                         0x0000add5   Thumb Code    16  user_temper.o(i.user_temper_init)
    writeFlashSector0                        0x0000ade9   Thumb Code    14  mdl_flash.o(i.writeFlashSector0)
    writeFlashSector1                        0x0000adfd   Thumb Code    14  mdl_flash.o(i.writeFlashSector1)
    au16TmpTab                               0x0000bb64   Data          44  user_temper.o(.constdata)
    TEMP_CHOOSE_TAB                          0x0000bb90   Data           5  user_temper.o(.constdata)
    TEMP_COMPARE_ADC_TAB                     0x0000bb95   Data           5  user_temper.o(.constdata)
    TEMP_ERR_TAB                             0x0000bb9a   Data           6  user_temper.o(.constdata)
    stDbgFlhDef                              0x0000bf44   Data          21  user_debug.o(.constdata)
    astDebugMachDef                          0x0000bf59   Data          42  user_debug.o(.constdata)
    tab_adc_ch                               0x0000c77c   Data           7  bsp_adc.o(.constdata)
    tab_adc_gpio_map                         0x0000c784   Data         216  bsp_adc.o(.constdata)
    E2SafeCode                               0x0000caf0   Data           4  mdl_flash.o(.constdata)
    ReadFlashAddrTab0                        0x0000caf4   Data           7  mdl_flash.o(.constdata)
    au8DS1302Adr                             0x0000cd90   Data           4  mdl_ds1302.o(.constdata)
    c_xsFsmStateEntryTable                   0x0000d028   Data         120  fsm.o(.constdata)
    Region$$Table$$Base                      0x0000d0a0   Number         0  anon$$obj.o(Region$$Table)
    Region$$Table$$Limit                     0x0000d0c0   Number         0  anon$$obj.o(Region$$Table)
    SystemCoreClock                          0x20000000   Data           4  system_sh30f9xx_sb0.o(.data)
    Uart5SendFlag                            0x20000008   Data           1  task.o(.data)
    unControllerFrame                        0x2000004c   Data           8  user_comm.o(.data)
    InputCheckFiltFlame_t                    0x2000006e   Data           2  user_systemrun.o(.data)
    InputCheckFiltWater_t                    0x20000070   Data           2  user_systemrun.o(.data)
    PidCtrl_t                                0x20000078   Data           4  user_tmpctrl.o(.data)
    u8Co                                     0x200000a0   Data           1  user_debug.o(.data)
    u8Ls                                     0x200000a1   Data           1  user_debug.o(.data)
    u8Nf                                     0x200000a2   Data           1  user_debug.o(.data)
    u8De                                     0x200000a3   Data           1  user_debug.o(.data)
    u8Nh                                     0x200000a4   Data           1  user_debug.o(.data)
    u8Ee                                     0x200000a5   Data           1  user_debug.o(.data)
    u8Pu                                     0x200000a6   Data           1  user_debug.o(.data)
    u8Null                                   0x200000a7   Data           1  user_debug.o(.data)
    astHighAltitudeAddList                   0x20000124   Data          12  user_adaptive.o(.data)
    stInputsSta                              0x2000013c   Data           1  drv_inoutput.o(.data)
    DCFanSet                                 0x2000013e   Data           2  drv_dcfan.o(.data)
    DcBrake_10ms                             0x20000140   Data           1  drv_dcfan.o(.data)
    TestFan                                  0x20000141   Data           1  drv_dcfan.o(.data)
    TestBrakeTime                            0x20000142   Data           1  drv_dcfan.o(.data)
    TestA                                    0x20000143   Data           1  drv_dcfan.o(.data)
    u16TestA                                 0x20000144   Data           2  drv_dcfan.o(.data)
    TestBrakeCnt                             0x20000146   Data           1  drv_dcfan.o(.data)
    adcTick                                  0x20000147   Data           1  mdl_adc.o(.data)
    unValveOn                                0x2000018e   Data           1  mdl_valve.o(.data)
    au8DS_Time                               0x2000019a   Data           3  mdl_ds1302.o(.data)
    xsFSM_Para                               0x200001a4   Data           2  fsm.o(.data)
    fsmVar_t                                 0x200001a6   Data           8  fsm_idle.o(.data)
    setBlfI                                  0x200001ae   Data           2  fsm_igintion.o(.data)
    stCommSet                                0x200001f6   Data          81  user_comm.o(.bss)
    stFanData                                0x20000248   Data          24  user_dcfan.o(.bss)
    SystemRunData_t                          0x20000260   Data          62  user_systemrun.o(.bss)
    stTmpCtrl                                0x2000029e   Data          60  user_tmpctrl.o(.bss)
    stWrkConCur                              0x200003c0   Data          72  user_machineinfo.o(.bss)
    sTemper                                  0x20000408   Data          50  user_temper.o(.bss)
    stSegCtrl                                0x2000043a   Data          28  user_segctrl.o(.bss)
    WashMode_t                               0x20000456   Data          10  user_washmode.o(.bss)
    adaptive_t                               0x20000488   Data          24  user_adaptive.o(.bss)
    gSUart0Test                              0x200004a0   Data          36  bsp_uart0.o(.bss)
    gSUART1Test                              0x200004c4   Data          36  bsp_uart1.o(.bss)
    stPortsRealTime                          0x200004e8   Data          10  drv_inoutput.o(.bss)
    adc_st                                   0x200004f2   Data          84  mdl_adc.o(.bss)
    objects                                  0x20000548   Data          40  mdl_getwave.o(.bss)
    FlashDataCache0_st                       0x20000638   Data          35  mdl_flash.o(.bss)
    FlashDataCache1_st                       0x2000065c   Data          36  mdl_flash.o(.bss)
    spl0601                                  0x20000680   Data          44  spl06_01.o(.bss)
    Pid_t                                    0x200006ac   Data          24  wjl_rsq_ai_v1.o(.bss)
    __stack_limit                            0x200006c8   Data           0  startup_sh30f9xx_sb0_keil.o(STACK)
    __initial_sp                             0x20000ac8   Data           0  startup_sh30f9xx_sb0_keil.o(STACK)



==============================================================================

Memory Map of the image

  Image Entry point : 0x000000c1

  Load Region LR_IROM1 (Base: 0x00000000, Size: 0x0000d278, Max: 0x00040000, ABSOLUTE, COMPRESSED[0x0000d110])

    Execution Region ER_IROM1 (Base: 0x00000000, Size: 0x0000d0c0, Max: 0x00040000, ABSOLUTE)

    Base Addr    Size         Type   Attr      Idx    E Section Name        Object

    0x00000000   0x000000c0   Data   RO           58    RESET               startup_sh30f9xx_sb0_keil.o
    0x000000c0   0x00000000   Code   RO         5329  * .ARM.Collect$$$$00000000  mc_p.l(entry.o)
    0x000000c0   0x00000004   Code   RO         5364    .ARM.Collect$$$$00000001  mc_p.l(entry2.o)
    0x000000c4   0x00000004   Code   RO         5367    .ARM.Collect$$$$00000004  mc_p.l(entry5.o)
    0x000000c8   0x00000000   Code   RO         5369    .ARM.Collect$$$$00000008  mc_p.l(entry7b.o)
    0x000000c8   0x00000000   Code   RO         5371    .ARM.Collect$$$$0000000A  mc_p.l(entry8b.o)
    0x000000c8   0x00000008   Code   RO         5372    .ARM.Collect$$$$0000000B  mc_p.l(entry9a.o)
    0x000000d0   0x00000000   Code   RO         5374    .ARM.Collect$$$$0000000D  mc_p.l(entry10a.o)
    0x000000d0   0x00000000   Code   RO         5376    .ARM.Collect$$$$0000000F  mc_p.l(entry11a.o)
    0x000000d0   0x00000004   Code   RO         5365    .ARM.Collect$$$$00002712  mc_p.l(entry2.o)
    0x000000d4   0x00000020   Code   RO           59    .text               startup_sh30f9xx_sb0_keil.o
    0x000000f4   0x0000002c   Code   RO         5332    .text               mc_p.l(uidiv.o)
    0x00000120   0x00000028   Code   RO         5334    .text               mc_p.l(idiv.o)
    0x00000148   0x00000024   Code   RO         5336    .text               mc_p.l(memcpya.o)
    0x0000016c   0x00000024   Code   RO         5338    .text               mc_p.l(memseta.o)
    0x00000190   0x0000001a   Code   RO         5340    .text               mc_p.l(memcmp.o)
    0x000001aa   0x000000b2   Code   RO         5344    .text               mf_p.l(fadd.o)
    0x0000025c   0x0000007a   Code   RO         5346    .text               mf_p.l(fmul.o)
    0x000002d6   0x0000007c   Code   RO         5348    .text               mf_p.l(fdiv.o)
    0x00000352   0x00000002   PAD
    0x00000354   0x00000164   Code   RO         5350    .text               mf_p.l(dadd.o)
    0x000004b8   0x000000d0   Code   RO         5352    .text               mf_p.l(dmul.o)
    0x00000588   0x00000016   Code   RO         5354    .text               mf_p.l(fflti.o)
    0x0000059e   0x00000002   PAD
    0x000005a0   0x00000028   Code   RO         5356    .text               mf_p.l(dflti.o)
    0x000005c8   0x00000028   Code   RO         5358    .text               mf_p.l(ffixui.o)
    0x000005f0   0x00000028   Code   RO         5360    .text               mf_p.l(f2d.o)
    0x00000618   0x00000038   Code   RO         5362    .text               mf_p.l(d2f.o)
    0x00000650   0x00000020   Code   RO         5378    .text               mc_p.l(llshl.o)
    0x00000670   0x00000026   Code   RO         5380    .text               mc_p.l(llsshr.o)
    0x00000696   0x00000000   Code   RO         5382    .text               mc_p.l(iusefp.o)
    0x00000696   0x00000082   Code   RO         5383    .text               mf_p.l(fepilogue.o)
    0x00000718   0x000000be   Code   RO         5385    .text               mf_p.l(depilogue.o)
    0x000007d6   0x00000002   PAD
    0x000007d8   0x00000024   Code   RO         5389    .text               mc_p.l(init.o)
    0x000007fc   0x00000022   Code   RO         5391    .text               mc_p.l(llushr.o)
    0x0000081e   0x00000056   Code   RO         5401    .text               mc_p.l(__dczerorl2.o)
    0x00000874   0x00000074   Code   RO         2379    i.ADC_ChannelConfig  sh30f9xx_sb0_adc.o
    0x000008e8   0x0000000a   Code   RO         2383    i.ADC_GetConversionValue  sh30f9xx_sb0_adc.o
    0x000008f2   0x00000016   Code   RO         2385    i.ADC_GetSoftwareStartConversionStatus  sh30f9xx_sb0_adc.o
    0x00000908   0x00000002   Code   RO          323    i.ADC_Handler       sh30f9xx_sb0_interrupt.o
    0x0000090a   0x00000002   PAD
    0x0000090c   0x00000068   Code   RO         2387    i.ADC_Init          sh30f9xx_sb0_adc.o
    0x00000974   0x0000001c   Code   RO         2388    i.ADC_OnOff         sh30f9xx_sb0_adc.o
    0x00000990   0x0000000a   Code   RO         2391    i.ADC_SoftwareStartConversion  sh30f9xx_sb0_adc.o
    0x0000099a   0x00000002   PAD
    0x0000099c   0x000000cc   Code   RO         1318    i.BathFunction      user_washmode.o
    0x00000a68   0x00000018   Code   RO         1319    i.BathInit          user_washmode.o
    0x00000a80   0x0000000c   Code   RO         1320    i.BathRecordReset   user_washmode.o
    0x00000a8c   0x00000144   Code   RO         4667    i.Blf_Iteration_10ms  mdl_blf.o
    0x00000bd0   0x0000002c   Code   RO         4453    i.CalFanSpeed       mdl_getwave.o
    0x00000bfc   0x00000038   Code   RO         4454    i.CalWaterFlux      mdl_getwave.o
    0x00000c34   0x0000001c   Code   RO         4455    i.CheckPulseTm      mdl_getwave.o
    0x00000c50   0x00000014   Code   RO         1193    i.ClrSubChgCnt      user_segctrl.o
    0x00000c64   0x0000005c   Code   RO          508    i.Comm_Init         user_comm.o
    0x00000cc0   0x00000008   Code   RO          509    i.Comm_Recv         user_comm.o
    0x00000cc8   0x0000000a   Code   RO          510    i.Comm_Recv_Deal    user_comm.o
    0x00000cd2   0x00000002   PAD
    0x00000cd4   0x00000020   Code   RO          511    i.Comm_Send         user_comm.o
    0x00000cf4   0x000000b0   Code   RO          512    i.Comm_Send_LoadData  user_comm.o
    0x00000da4   0x0000011c   Code   RO          513    i.Comm_Send_Sequence  user_comm.o
    0x00000ec0   0x0000001e   Code   RO          514    i.Comm_Verify       user_comm.o
    0x00000ede   0x00000002   PAD
    0x00000ee0   0x0000001c   Code   RO          912    i.ConvertCtrlToDbg_Blf  user_tmpctrl.o
    0x00000efc   0x0000001c   Code   RO          913    i.ConvertDbgToCtrl_Blf  user_tmpctrl.o
    0x00000f18   0x0000001c   Code   RO          690    i.ConvertDbgToCtrl_DCFan  user_dcfan.o
    0x00000f34   0x000001c8   Code   RO          515    i.CtrlCommDeal      user_comm.o
    0x000010fc   0x00000124   Code   RO          691    i.DCFanProcess      user_dcfan.o
    0x00001220   0x0000023c   Code   RO          692    i.DCFan_GetStkSta   user_dcfan.o
    0x0000145c   0x0000002c   Code   RO          693    i.DCFan_NonStkSet   user_dcfan.o
    0x00001488   0x00000064   Code   RO          694    i.DCFan_Timer       user_dcfan.o
    0x000014ec   0x00000108   Code   RO         4778    i.DS1302_Read       mdl_ds1302.o
    0x000015f4   0x0000004c   Code   RO         4780    i.DS1302_TimeRead   mdl_ds1302.o
    0x00001640   0x00000018   Code   RO         4188    i.Drv_InOutput_Init  drv_inoutput.o
    0x00001658   0x0000000c   Code   RO         4189    i.Drv_InOutput_Process  drv_inoutput.o
    0x00001664   0x000000e8   Code   RO         4190    i.Drv_OutPut_Set    drv_inoutput.o
    0x0000174c   0x00000030   Code   RO         4668    i.Drv_SetBlfPWM     mdl_blf.o
    0x0000177c   0x000000f0   Code   RO         4290    i.Drv_SetDCFanPWM   drv_dcfan.o
    0x0000186c   0x00000028   Code   RO         4320    i.Drv_SetPumpPWM    drv_pump.o
    0x00001894   0x0000001a   Code   RO         2330    i.E2EraseSector     bsp_eeprom.o
    0x000018ae   0x0000005c   Code   RO         2331    i.E2WriteBuf        bsp_eeprom.o
    0x0000190a   0x00000002   PAD
    0x0000190c   0x00000088   Code   RO         4456    i.EXTI15_10_Handler  mdl_getwave.o
    0x00001994   0x00000002   Code   RO         4457    i.EXTI9_4_Handler   mdl_getwave.o
    0x00001996   0x00000002   PAD
    0x00001998   0x00000014   Code   RO         2527    i.EXTI_ClearPendingFlag  sh30f9xx_sb0_exti.o
    0x000019ac   0x00000018   Code   RO         2529    i.EXTI_GetPendingFlagStatus  sh30f9xx_sb0_exti.o
    0x000019c4   0x0000010c   Code   RO         2530    i.EXTI_Init         sh30f9xx_sb0_exti.o
    0x00001ad0   0x00000058   Code   RO         2531    i.EXTI_PinConfig    sh30f9xx_sb0_exti.o
    0x00001b28   0x00000024   Code   RO         2685    i.FLASH_CacheReset  sh30f9xx_sb0_flash.o
    0x00001b4c   0x00000014   Code   RO         2687    i.FLASH_ClearFlag   sh30f9xx_sb0_flash.o
    0x00001b60   0x00000010   Code   RO         2688    i.FLASH_Clear_PGMWindow  sh30f9xx_sb0_flash.o
    0x00001b70   0x00000044   Code   RO         2689    i.FLASH_E2_EraseSector  sh30f9xx_sb0_flash.o
    0x00001bb4   0x00000018   Code   RO         2690    i.FLASH_E2_Lock     sh30f9xx_sb0_flash.o
    0x00001bcc   0x00000044   Code   RO         2691    i.FLASH_E2_ProgramHalfWord  sh30f9xx_sb0_flash.o
    0x00001c10   0x00000074   Code   RO         2693    i.FLASH_E2_ProgramPage_HalfWord  sh30f9xx_sb0_flash.o
    0x00001c84   0x00000024   Code   RO         2695    i.FLASH_E2_ReadByte  sh30f9xx_sb0_flash.o
    0x00001ca8   0x00000070   Code   RO         2696    i.FLASH_E2_Unlock   sh30f9xx_sb0_flash.o
    0x00001d18   0x00000088   Code   RO         2700    i.FLASH_GetStatus   sh30f9xx_sb0_flash.o
    0x00001da0   0x00000014   Code   RO         2723    i.FLASH_Set_PGMWindow  sh30f9xx_sb0_flash.o
    0x00001db4   0x00000028   Code   RO         2725    i.FLASH_Verify_Byte  sh30f9xx_sb0_flash.o
    0x00001ddc   0x00000022   Code   RO         2727    i.FLASH_WaitForLastOperation  sh30f9xx_sb0_flash.o
    0x00001dfe   0x00000002   PAD
    0x00001e00   0x00000044   Code   RO         4964    i.FSM               fsm.o
    0x00001e44   0x000000d4   Code   RO         1275    i.FanTypeJudge      user_debug.o
    0x00001f18   0x00000064   Code   RO          791    i.Flame_Check       user_systemrun.o
    0x00001f7c   0x00000550   Code   RO         5213    i.FsmDebugDoingHandler  fsm_debug.o
    0x000024cc   0x0000001c   Code   RO         5214    i.FsmDebugEnterHandler  fsm_debug.o
    0x000024e8   0x00000028   Code   RO         5272    i.FsmE0DoingHandler  fsm_e0.o
    0x00002510   0x0000002c   Code   RO         5273    i.FsmE0EnterHandler  fsm_e0.o
    0x0000253c   0x0000003c   Code   RO         5006    i.FsmEndCleanDoingHandler  fsm_endclean.o
    0x00002578   0x00000018   Code   RO         5007    i.FsmEndCleanEnterHandler  fsm_endclean.o
    0x00002590   0x000000ee   Code   RO         5035    i.FsmErrorDoingHandler  fsm_error.o
    0x0000267e   0x00000002   PAD
    0x00002680   0x00000038   Code   RO         5036    i.FsmErrorEnterHandler  fsm_error.o
    0x000026b8   0x000000ae   Code   RO         5243    i.FsmF6DoingHandler  fsm_f6.o
    0x00002766   0x00000002   PAD
    0x00002768   0x00000018   Code   RO         5244    i.FsmF6EnterHandler  fsm_f6.o
    0x00002780   0x000000dc   Code   RO         5064    i.FsmIdleEnterDoingHandler  fsm_idle.o
    0x0000285c   0x0000002c   Code   RO         5065    i.FsmIdleEnterHandler  fsm_idle.o
    0x00002888   0x000002f8   Code   RO         5094    i.FsmIgintionDoingHandler  fsm_igintion.o
    0x00002b80   0x00000020   Code   RO         5095    i.FsmIgintionEnterHandler  fsm_igintion.o
    0x00002ba0   0x00000088   Code   RO         5125    i.FsmInitDoingHandler  fsm_init.o
    0x00002c28   0x00000030   Code   RO         5126    i.FsmInitEnterHandler  fsm_init.o
    0x00002c58   0x00000240   Code   RO         5154    i.FsmPreFanDoingHandler  fsm_prefan.o
    0x00002e98   0x00000018   Code   RO         5155    i.FsmPreFanEnterHandler  fsm_prefan.o
    0x00002eb0   0x0000023c   Code   RO         5184    i.FsmStableDoingHandler  fsm_stable.o
    0x000030ec   0x00000028   Code   RO         5185    i.FsmStableEnterHandler  fsm_stable.o
    0x00003114   0x0000003c   Code   RO         1403    i.FunFunction       user_function.o
    0x00003150   0x00000024   Code   RO         1404    i.FunctionInit      user_function.o
    0x00003174   0x00000016   Code   RO          914    i.FunctionPercentLimit  user_tmpctrl.o
    0x0000318a   0x00000014   Code   RO         1405    i.FunctionU32Add    user_function.o
    0x0000319e   0x00000030   Code   RO         1960    i.GPIO_InHZ         bsp_gpio.o
    0x000031ce   0x0000003c   Code   RO         1961    i.GPIO_InPU         bsp_gpio.o
    0x0000320a   0x00000088   Code   RO         2977    i.GPIO_Init         sh30f9xx_sb0_gpio.o
    0x00003292   0x0000003c   Code   RO         1963    i.GPIO_OutL         bsp_gpio.o
    0x000032ce   0x00000040   Code   RO         1964    i.GPIO_OutOD        bsp_gpio.o
    0x0000330e   0x00000060   Code   RO         2978    i.GPIO_PinAFConfig  sh30f9xx_sb0_gpio.o
    0x0000336e   0x00000014   Code   RO         2982    i.GPIO_ReadInputDataBit  sh30f9xx_sb0_gpio.o
    0x00003382   0x00000006   Code   RO         2986    i.GPIO_ResetBits    sh30f9xx_sb0_gpio.o
    0x00003388   0x00000004   Code   RO         2987    i.GPIO_SetBits      sh30f9xx_sb0_gpio.o
    0x0000338c   0x00000014   Code   RO         2988    i.GPIO_StructInit   sh30f9xx_sb0_gpio.o
    0x000033a0   0x00000178   Code   RO         1406    i.GasErrFunction    user_function.o
    0x00003518   0x0000004c   Code   RO         1407    i.GasExpedFunction  user_function.o
    0x00003564   0x00000038   Code   RO          915    i.GetBasicBlfMax    user_tmpctrl.o
    0x0000359c   0x00000018   Code   RO          916    i.GetBasicBlfMin    user_tmpctrl.o
    0x000035b4   0x0000000c   Code   RO         4670    i.GetBlfCurOut      mdl_blf.o
    0x000035c0   0x000000b8   Code   RO          917    i.GetBlfFromLoad    user_tmpctrl.o
    0x00003678   0x0000001e   Code   RO          695    i.GetBlfIFromFanSet  user_dcfan.o
    0x00003696   0x00000030   Code   RO          918    i.GetBlfIFromPercent  user_tmpctrl.o
    0x000036c6   0x00000024   Code   RO         1194    i.GetBlfIFromSeg    user_segctrl.o
    0x000036ea   0x00000002   PAD
    0x000036ec   0x00000120   Code   RO         1276    i.GetCommDebugData  user_debug.o
    0x0000380c   0x00000008   Code   RO          516    i.GetCommSet        user_comm.o
    0x00003814   0x00000008   Code   RO          696    i.GetDCFanData      user_dcfan.o
    0x0000381c   0x0000000c   Code   RO         4291    i.GetDCFanSet       drv_dcfan.o
    0x00003828   0x00000010   Code   RO         1277    i.GetDbgInfo        user_debug.o
    0x00003838   0x00000098   Code   RO          919    i.GetDeadZone       user_tmpctrl.o
    0x000038d0   0x00000004   Code   RO          517    i.GetDebugFaMax     user_comm.o
    0x000038d4   0x00000004   Code   RO         1278    i.GetDebugIndexMax  user_debug.o
    0x000038d8   0x00000034   Code   RO          697    i.GetFanUFromBlf    user_dcfan.o
    0x0000390c   0x00000010   Code   RO          920    i.GetFirstSwSeg     user_tmpctrl.o
    0x0000391c   0x00000008   Code   RO         4714    i.GetFlashDataSector0  mdl_flash.o
    0x00003924   0x00000008   Code   RO         4715    i.GetFlashDataSector1  mdl_flash.o
    0x0000392c   0x0000000c   Code   RO         4965    i.GetFsmState       fsm.o
    0x00003938   0x00000008   Code   RO         1408    i.GetFunOutputs     user_function.o
    0x00003940   0x00000008   Code   RO         4191    i.GetInportsSta     drv_inoutput.o
    0x00003948   0x00000120   Code   RO          921    i.GetLoadEData      user_tmpctrl.o
    0x00003a68   0x00000024   Code   RO          922    i.GetLoadFromTmpE   user_tmpctrl.o
    0x00003a8c   0x00000008   Code   RO         1090    i.GetMaInfo         user_machineinfo.o
    0x00003a94   0x000000a0   Code   RO         1091    i.GetMachineId      user_machineinfo.o
    0x00003b34   0x00000684   Code   RO         1092    i.GetMachineInfo_Z8L  user_machineinfo.o
    0x000041b8   0x00000098   Code   RO         1138    i.GetMdlTmpVal      user_temper.o
    0x00004250   0x00000310   Code   RO          923    i.GetModBlf_New     user_tmpctrl.o
    0x00004560   0x000000e4   Code   RO          698    i.GetNonStkSpd      user_dcfan.o
    0x00004644   0x0000004e   Code   RO          924    i.GetPercentFromBlfI  user_tmpctrl.o
    0x00004692   0x00000002   PAD
    0x00004694   0x00000058   Code   RO          699    i.GetPercentFromFanU  user_dcfan.o
    0x000046ec   0x00000060   Code   RO         1493    i.GetPreHeatCD      user_pump.o
    0x0000474c   0x00000030   Code   RO         1494    i.GetPreHeatStudy   user_pump.o
    0x0000477c   0x00000018   Code   RO         1495    i.GetPreHeatTime    user_pump.o
    0x00004794   0x00000008   Code   RO         1195    i.GetSegCtrl        user_segctrl.o
    0x0000479c   0x00000028   Code   RO          792    i.GetSurState       user_systemrun.o
    0x000047c4   0x00000008   Code   RO          793    i.GetSystemRunData  user_systemrun.o
    0x000047cc   0x00000130   Code   RO          925    i.GetTheroyBlf      user_tmpctrl.o
    0x000048fc   0x00000008   Code   RO          926    i.GetTmpCtrlData    user_tmpctrl.o
    0x00004904   0x00000014   Code   RO         4589    i.GetValveError     mdl_valve.o
    0x00004918   0x00000014   Code   RO         4591    i.GetValveOpenSta   mdl_valve.o
    0x0000492c   0x00000014   Code   RO         4592    i.GetValveShortSta  mdl_valve.o
    0x00004940   0x00000008   Code   RO         1321    i.GetWashModeData   user_washmode.o
    0x00004948   0x00000024   Code   RO         4458    i.GetWaveInit       mdl_getwave.o
    0x0000496c   0x00000010   Code   RO         4459    i.GetWaveSensorValue  mdl_getwave.o
    0x0000497c   0x000001f4   Code   RO         4460    i.GetWaveTask       mdl_getwave.o
    0x00004b70   0x00000008   Code   RO         1093    i.GetWorkCon        user_machineinfo.o
    0x00004b78   0x00000008   Code   RO         1496    i.GetpPumpParm      user_pump.o
    0x00004b80   0x00000020   Code   RO         3081    i.HWDT_ConfigPeriod  sh30f9xx_sb0_hwdt.o
    0x00004ba0   0x00000010   Code   RO         3084    i.HWDT_ReloadCounter  sh30f9xx_sb0_hwdt.o
    0x00004bb0   0x00000014   Code   RO          324    i.HardFault_Handler  sh30f9xx_sb0_interrupt.o
    0x00004bc4   0x0000008c   Code   RO         4192    i.InputPortsFilter  drv_inoutput.o
    0x00004c50   0x00000064   Code   RO         4193    i.InputPortsUpdate  drv_inoutput.o
    0x00004cb4   0x00000074   Code   RO         1322    i.KitFunction       user_washmode.o
    0x00004d28   0x0000000c   Code   RO         4671    i.MDL_SetBlfOut     mdl_blf.o
    0x00004d34   0x000000d8   Code   RO          519    i.MainFrame0LoadData  user_comm.o
    0x00004e0c   0x00000058   Code   RO          520    i.MainFrame10LoadData  user_comm.o
    0x00004e64   0x00000002   Code   RO          521    i.MainFrame11LoadData  user_comm.o
    0x00004e66   0x00000002   Code   RO          522    i.MainFrame12LoadData  user_comm.o
    0x00004e68   0x00000002   Code   RO          523    i.MainFrame13LoadData  user_comm.o
    0x00004e6a   0x00000002   Code   RO          524    i.MainFrame14LoadData  user_comm.o
    0x00004e6c   0x000000b4   Code   RO          525    i.MainFrame1LoadData  user_comm.o
    0x00004f20   0x00000088   Code   RO          526    i.MainFrame2LoadData  user_comm.o
    0x00004fa8   0x000000e0   Code   RO          527    i.MainFrame3LoadData  user_comm.o
    0x00005088   0x000000f4   Code   RO          528    i.MainFrame4LoadData  user_comm.o
    0x0000517c   0x000000b0   Code   RO          529    i.MainFrame5LoadData  user_comm.o
    0x0000522c   0x000000a8   Code   RO          530    i.MainFrame6LoadData  user_comm.o
    0x000052d4   0x00000084   Code   RO          531    i.MainFrame7LoadData  user_comm.o
    0x00005358   0x000000a4   Code   RO          532    i.MainFrame8LoadData  user_comm.o
    0x000053fc   0x00000002   Code   RO          533    i.MainFrame9LoadData  user_comm.o
    0x000053fe   0x00000002   PAD
    0x00005400   0x00000068   Code   RO          325    i.NMI_Handler       sh30f9xx_sb0_interrupt.o
    0x00005468   0x00000014   Code   RO         2072    i.NVIC_DisableIRQ   bsp_pca.o
    0x0000547c   0x00000078   Code   RO         2161    i.NVIC_SetPriority  bsp_systick.o
    0x000054f4   0x00000014   Code   RO          326    i.PCA1_Handler      sh30f9xx_sb0_interrupt.o
    0x00005508   0x00000060   Code   RO         3179    i.PCA_Init          sh30f9xx_sb0_pca.o
    0x00005568   0x00000020   Code   RO         3180    i.PCA_OnOff         sh30f9xx_sb0_pca.o
    0x00005588   0x00000018   Code   RO         3182    i.PCA_SetCCRValue   sh30f9xx_sb0_pca.o
    0x000055a0   0x000000d6   Code   RO         3184    i.PCA_StructInit    sh30f9xx_sb0_pca.o
    0x00005676   0x00000002   PAD
    0x00005678   0x000000d4   Code   RO         5301    i.PID_realize       wjl_rsq_ai_v1.o
    0x0000574c   0x00000030   Code   RO         3291    i.PWM_Init          sh30f9xx_sb0_pwm.o
    0x0000577c   0x00000024   Code   RO         3292    i.PWM_OnOff         sh30f9xx_sb0_pwm.o
    0x000057a0   0x00000050   Code   RO         3293    i.PWM_OutputMode    sh30f9xx_sb0_pwm.o
    0x000057f0   0x00000010   Code   RO         3296    i.PWM_SetDuty       sh30f9xx_sb0_pwm.o
    0x00005800   0x00000002   Code   RO          327    i.PendSV_Handler    sh30f9xx_sb0_interrupt.o
    0x00005802   0x00000002   PAD
    0x00005804   0x00000014   Code   RO         5302    i.Pid_Init          wjl_rsq_ai_v1.o
    0x00005818   0x00000068   Code   RO          534    i.PriorDeal         user_comm.o
    0x00005880   0x00000194   Code   RO         1409    i.ProtcetFunction   user_function.o
    0x00005a14   0x000000dc   Code   RO         1497    i.PumpBurstFunction  user_pump.o
    0x00005af0   0x0000006c   Code   RO         1498    i.PumpColdFunction  user_pump.o
    0x00005b5c   0x00000178   Code   RO         1499    i.PumpComm          user_pump.o
    0x00005cd4   0x000000e4   Code   RO         1500    i.PumpCycleFunction  user_pump.o
    0x00005db8   0x00000048   Code   RO         1501    i.PumpCycleTime     user_pump.o
    0x00005e00   0x00000064   Code   RO         1502    i.PumpErrCheck      user_pump.o
    0x00005e64   0x0000001c   Code   RO         1503    i.PumpForceFunction  user_pump.o
    0x00005e80   0x00000058   Code   RO         1504    i.PumpFunction      user_pump.o
    0x00005ed8   0x00000014   Code   RO         1505    i.PumpFunctionInit  user_pump.o
    0x00005eec   0x000001e4   Code   RO         1506    i.PumpHeatAble      user_pump.o
    0x000060d0   0x00000194   Code   RO         1507    i.PumpHeatFunction  user_pump.o
    0x00006264   0x00000064   Code   RO         1508    i.PumpHeatStopCnt   user_pump.o
    0x000062c8   0x00000088   Code   RO         1509    i.PumpHeatTime      user_pump.o
    0x00006350   0x0000000e   Code   RO         1510    i.PumpParmReSet     user_pump.o
    0x0000635e   0x00000002   PAD
    0x00006360   0x00000050   Code   RO         1511    i.PumpStudyAction   user_pump.o
    0x000063b0   0x00000158   Code   RO         1512    i.PumpStudyCatch    user_pump.o
    0x00006508   0x00000026   Code   RO         1513    i.PumpStudyGetTime  user_pump.o
    0x0000652e   0x00000002   PAD
    0x00006530   0x00000060   Code   RO         1514    i.PumpStudySet      user_pump.o
    0x00006590   0x00000028   Code   RO         1515    i.PumpStudyTimeInit  user_pump.o
    0x000065b8   0x0000002e   Code   RO         1516    i.PumpTmpStop       user_pump.o
    0x000065e6   0x00000002   PAD
    0x000065e8   0x000001cc   Code   RO         1517    i.PumpUnworkFunction  user_pump.o
    0x000067b4   0x000000a4   Code   RO         1518    i.PumpWaterCtrl     user_pump.o
    0x00006858   0x00000038   Code   RO         1519    i.Pump_StateFunction  user_pump.o
    0x00006890   0x00000160   Code   RO         1520    i.Pump_Timer        user_pump.o
    0x000069f0   0x00000098   Code   RO         1521    i.Pump_Work         user_pump.o
    0x00006a88   0x00000030   Code   RO         3402    i.RCC_AHBPeriphClockOnOff  sh30f9xx_sb0_rcc.o
    0x00006ab8   0x00000030   Code   RO         3404    i.RCC_APB0PeriphClockOnOff  sh30f9xx_sb0_rcc.o
    0x00006ae8   0x00000018   Code   RO         3405    i.RCC_APB0PeriphReset  sh30f9xx_sb0_rcc.o
    0x00006b00   0x00000030   Code   RO         3406    i.RCC_APB1PeriphClockOnOff  sh30f9xx_sb0_rcc.o
    0x00006b30   0x00000018   Code   RO         3407    i.RCC_APB1PeriphReset  sh30f9xx_sb0_rcc.o
    0x00006b48   0x0000003c   Code   RO         3409    i.RCC_ClearITPendingBit  sh30f9xx_sb0_rcc.o
    0x00006b84   0x00000010   Code   RO         3411    i.RCC_GetAHBClockDivision  sh30f9xx_sb0_rcc.o
    0x00006b94   0x0000010c   Code   RO         3414    i.RCC_GetClocksFreq  sh30f9xx_sb0_rcc.o
    0x00006ca0   0x00000018   Code   RO         3415    i.RCC_GetFlagStatus  sh30f9xx_sb0_rcc.o
    0x00006cb8   0x00000010   Code   RO         3416    i.RCC_GetHSEReadyFlag  sh30f9xx_sb0_rcc.o
    0x00006cc8   0x00000038   Code   RO         3420    i.RCC_HSEOnOff      sh30f9xx_sb0_rcc.o
    0x00006d00   0x0000003c   Code   RO         3421    i.RCC_HSIOnOff      sh30f9xx_sb0_rcc.o
    0x00006d3c   0x00000028   Code   RO         3424    i.RCC_SetAHBClockDivision  sh30f9xx_sb0_rcc.o
    0x00006d64   0x00000048   Code   RO         3427    i.RCC_SetSystemClockSource  sh30f9xx_sb0_rcc.o
    0x00006dac   0x00000024   Code   RO         1323    i.ReSetBathLite     user_washmode.o
    0x00006dd0   0x00000024   Code   RO          927    i.ReSetPercent      user_tmpctrl.o
    0x00006df4   0x00000034   Code   RO         4716    i.ReadFlash         mdl_flash.o
    0x00006e28   0x00000364   Code   RO          928    i.RealLoadPercent   user_tmpctrl.o
    0x0000718c   0x00000074   Code   RO         1410    i.RecordLiterFunction  user_function.o
    0x00007200   0x00000090   Code   RO          929    i.RefreshBlfMaxMin  user_tmpctrl.o
    0x00007290   0x0000006c   Code   RO          930    i.RefreshSegLoad    user_tmpctrl.o
    0x000072fc   0x00000120   Code   RO         1196    i.RefreshSwitchPnt  user_segctrl.o
    0x0000741c   0x0000000c   Code   RO          931    i.ResetHeatStable   user_tmpctrl.o
    0x00007428   0x00000008   Code   RO          932    i.Reset_Pid         user_tmpctrl.o
    0x00007430   0x0000000c   Code   RO          794    i.SNReSet           user_systemrun.o
    0x0000743c   0x00000040   Code   RO          795    i.SNWrite           user_systemrun.o
    0x0000747c   0x00000002   Code   RO          328    i.SVC_Handler       sh30f9xx_sb0_interrupt.o
    0x0000747e   0x00000002   PAD
    0x00007480   0x00000028   Code   RO         3668    i.SYSCFG_VLVRConfig  sh30f9xx_sb0_syscfg.o
    0x000074a8   0x00000020   Code   RO         3669    i.SYSCFG_VLVRInit   sh30f9xx_sb0_syscfg.o
    0x000074c8   0x00000020   Code   RO         1197    i.SegCtrlInit       user_segctrl.o
    0x000074e8   0x00000010   Code   RO         1198    i.SegCtrlProcess    user_segctrl.o
    0x000074f8   0x00000034   Code   RO         1199    i.SegCtrl_Timer     user_segctrl.o
    0x0000752c   0x00000038   Code   RO         1200    i.SegSumLimit       user_segctrl.o
    0x00007564   0x00000074   Code   RO         1411    i.SelfCelanFunction  user_function.o
    0x000075d8   0x0000002c   Code   RO          700    i.SetDcFanUfromBlf  user_dcfan.o
    0x00007604   0x00000074   Code   RO          796    i.SetEndCleanTimer  user_systemrun.o
    0x00007678   0x0000000c   Code   RO         4966    i.SetFsmStage       fsm.o
    0x00007684   0x00000014   Code   RO         4967    i.SetFsmState       fsm.o
    0x00007698   0x00000028   Code   RO         1201    i.SetManualSeg      user_segctrl.o
    0x000076c0   0x000000d8   Code   RO         1522    i.SetPumpParm       user_pump.o
    0x00007798   0x000000a0   Code   RO            3    i.SetSysClockToHSI  system_sh30f9xx_sb0.o
    0x00007838   0x000000f0   Code   RO         1324    i.SetWashEnvState   user_washmode.o
    0x00007928   0x0000000e   Code   RO         4244    i.SoftI2C_delay     softwarei2c.o
    0x00007936   0x00000002   PAD
    0x00007938   0x000000ac   Code   RO         4245    i.SoftI2C_read_byte  softwarei2c.o
    0x000079e4   0x00000050   Code   RO         4246    i.SoftI2C_start     softwarei2c.o
    0x00007a34   0x00000028   Code   RO         4247    i.SoftI2C_stop      softwarei2c.o
    0x00007a5c   0x000000a8   Code   RO         4248    i.SoftI2C_write_byte  softwarei2c.o
    0x00007b04   0x00000224   Code   RO         1202    i.SwitchSeg         user_segctrl.o
    0x00007d28   0x00000014   Code   RO          329    i.SysTick_Handler   sh30f9xx_sb0_interrupt.o
    0x00007d3c   0x00000064   Code   RO            4    i.SystemCoreClockUpdate  system_sh30f9xx_sb0.o
    0x00007da0   0x000000d8   Code   RO         4717    i.SystemFlashInit   mdl_flash.o
    0x00007e78   0x00000008   Code   RO            5    i.SystemInit        system_sh30f9xx_sb0.o
    0x00007e80   0x00000014   Code   RO          330    i.TIM2_FIFO1_Handler  sh30f9xx_sb0_interrupt.o
    0x00007e94   0x0000006c   Code   RO         3771    i.TIM_INTConfig     sh30f9xx_sb0_timer.o
    0x00007f00   0x00000078   Code   RO         3772    i.TIM_Init          sh30f9xx_sb0_timer.o
    0x00007f78   0x0000006c   Code   RO         3773    i.TIM_OnOff         sh30f9xx_sb0_timer.o
    0x00007fe4   0x00000044   Code   RO         3775    i.TIM_Reset         sh30f9xx_sb0_timer.o
    0x00008028   0x00000030   Code   RO          933    i.TmpCtrlInit       user_tmpctrl.o
    0x00008058   0x00000110   Code   RO          934    i.TmpCtrlPrepare    user_tmpctrl.o
    0x00008168   0x000000b0   Code   RO          935    i.TmpCtrlProcess    user_tmpctrl.o
    0x00008218   0x0000005c   Code   RO          936    i.TmpCtrlVarReset   user_tmpctrl.o
    0x00008274   0x00000068   Code   RO          937    i.TmpCtrl_Timer     user_tmpctrl.o
    0x000082dc   0x000000ac   Code   RO         2218    i.UART0_Handler     bsp_uart0.o
    0x00008388   0x000000ac   Code   RO         2254    i.UART1_Handler     bsp_uart1.o
    0x00008434   0x000000f8   Code   RO         4529    i.UART2_Handler     mdl_usart.o
    0x0000852c   0x0000000a   Code   RO         4010    i.UART_ClearFlag    sh30f9xx_sb0_uart.o
    0x00008536   0x00000014   Code   RO         4016    i.UART_INTConfig    sh30f9xx_sb0_uart.o
    0x0000854a   0x0000012a   Code   RO         4017    i.UART_Init         sh30f9xx_sb0_uart.o
    0x00008674   0x0000002a   Code   RO         4022    i.UART_ReceiveData  sh30f9xx_sb0_uart.o
    0x0000869e   0x00000002   PAD
    0x000086a0   0x00000020   Code   RO          938    i.UpdateLoadAvg     user_tmpctrl.o
    0x000086c0   0x00000044   Code   RO         1094    i.UpdateMaInfo      user_machineinfo.o
    0x00008704   0x00000028   Code   RO          797    i.UserWrite         user_systemrun.o
    0x0000872c   0x0000000c   Code   RO          798    i.UserWrtieSetCD    user_systemrun.o
    0x00008738   0x00000138   Code   RO         4594    i.ValveCheckFunction  mdl_valve.o
    0x00008870   0x00000014   Code   RO         4595    i.ValveErrorReset   mdl_valve.o
    0x00008884   0x0000012c   Code   RO         4596    i.ValveWorkCtrl     mdl_valve.o
    0x000089b0   0x00000150   Code   RO         4597    i.ValveWorkFunction  mdl_valve.o
    0x00008b00   0x00000014   Code   RO         1325    i.WashModeFunction  user_washmode.o
    0x00008b14   0x0000003c   Code   RO         1326    i.WashModeInit      user_washmode.o
    0x00008b50   0x0000013c   Code   RO         1327    i.WashModeJdg       user_washmode.o
    0x00008c8c   0x00000068   Code   RO         1412    i.WaterExpedFunction  user_function.o
    0x00008cf4   0x0000002c   Code   RO         1413    i.WaterGasInit      user_function.o
    0x00008d20   0x00000114   Code   RO         1414    i.WaterGasRecord    user_function.o
    0x00008e34   0x000000fc   Code   RO          799    i.Water_Check       user_systemrun.o
    0x00008f30   0x00000042   Code   RO         4718    i.WriteFlash        mdl_flash.o
    0x00008f72   0x0000002e   Code   RO         5387    i.__ARM_clz         mf_p.l(depilogue.o)
    0x00008fa0   0x0000001c   Code   RO         3567    i.__ARM_common_switch8  sh30f9xx_sb0_rcc.o
    0x00008fbc   0x0000000e   Code   RO         5395    i.__scatterload_copy  mc_p.l(handlers.o)
    0x00008fca   0x00000002   Code   RO         5396    i.__scatterload_null  mc_p.l(handlers.o)
    0x00008fcc   0x0000000e   Code   RO         5397    i.__scatterload_zeroinit  mc_p.l(handlers.o)
    0x00008fda   0x00000002   PAD
    0x00008fdc   0x00000010   Code   RO         4412    i.adc_result_get    mdl_adc.o
    0x00008fec   0x00000050   Code   RO         1774    i.bps_adc_get_value  bsp_adc.o
    0x0000903c   0x000000c4   Code   RO         1775    i.bsp_adc_init      bsp_adc.o
    0x00009100   0x000000e0   Code   RO         1876    i.bsp_exit_init     bsp_exit.o
    0x000091e0   0x00000070   Code   RO         1965    i.bsp_gpio_init     bsp_gpio.o
    0x00009250   0x0000000a   Code   RO         2012    i.bsp_iwdt_init     bsp_iwdt.o
    0x0000925a   0x00000018   Code   RO         2032    i.bsp_lvr_init      bsp_lvr.o
    0x00009272   0x00000008   Code   RO         2078    i.bsp_pca_init      bsp_pca.o
    0x0000927a   0x00000002   PAD
    0x0000927c   0x0000018c   Code   RO         2079    i.bsp_pca_pwm_init  bsp_pca.o
    0x00009408   0x0000008c   Code   RO         2135    i.bsp_pwm3_init     bsp_pwm.o
    0x00009494   0x00000008   Code   RO         2136    i.bsp_pwm_init      bsp_pwm.o
    0x0000949c   0x0000004c   Code   RO         2162    i.bsp_systick_init  bsp_systick.o
    0x000094e8   0x00000054   Code   RO         2189    i.bsp_tim2_init     bsp_tim.o
    0x0000953c   0x00000008   Code   RO         2190    i.bsp_tim_init      bsp_tim.o
    0x00009544   0x000000ec   Code   RO         2290    i.bsp_uart2_init    bsp_uart2.o
    0x00009630   0x00000084   Code   RO          535    i.comm_tick         user_comm.o
    0x000096b4   0x00000016   Code   RO         4783    i.delay_nus         mdl_ds1302.o
    0x000096ca   0x00000010   Code   RO          448    i.drv_handle        task.o
    0x000096da   0x00000002   PAD
    0x000096dc   0x00000070   Code   RO         4461    i.f_CalPulseWidth   mdl_getwave.o
    0x0000974c   0x00000010   Code   RO         4462    i.f_NopDelay        mdl_getwave.o
    0x0000975c   0x00000014   Code   RO         4342    i.fifoInit          fifo.o
    0x00009770   0x0000002e   Code   RO         4345    i.fifoRead          fifo.o
    0x0000979e   0x00000034   Code   RO         4347    i.fifoWrite         fifo.o
    0x000097d2   0x00000002   PAD
    0x000097d4   0x00000008   Code   RO         1691    i.getAdapData       user_adaptive.o
    0x000097dc   0x00000036   Code   RO          800    i.getDataFromComm   user_systemrun.o
    0x00009812   0x00000002   PAD
    0x00009814   0x00000158   Code   RO          801    i.getOnOffDataFromComm  user_systemrun.o
    0x0000996c   0x0000005e   Code   RO          802    i.getSetTmpFromComm  user_systemrun.o
    0x000099ca   0x00000002   PAD
    0x000099cc   0x00000038   Code   RO         1692    i.hb_snsor_process  user_adaptive.o
    0x00009a04   0x00000048   Code   RO           65    i.main              main.o
    0x00009a4c   0x000000e8   Code   RO         4413    i.mdl_adc_handle    mdl_adc.o
    0x00009b34   0x00000010   Code   RO         4414    i.mdl_adc_init      mdl_adc.o
    0x00009b44   0x0000001c   Code   RO          450    i.mdl_handle        task.o
    0x00009b60   0x00000008   Code   RO         4598    i.pGetValveState    mdl_valve.o
    0x00009b68   0x000001e4   Code   RO          939    i.pidCtrlHandle     user_tmpctrl.o
    0x00009d4c   0x0000003e   Code   RO          451    i.softInit          task.o
    0x00009d8a   0x00000002   PAD
    0x00009d8c   0x000001fc   Code   RO         4832    i.spl0601_get_calib_param  spl06_01.o
    0x00009f88   0x00000118   Code   RO         4833    i.spl0601_get_pressure  spl06_01.o
    0x0000a0a0   0x00000078   Code   RO         4834    i.spl0601_get_raw_pressure  spl06_01.o
    0x0000a118   0x00000078   Code   RO         4835    i.spl0601_get_raw_temp  spl06_01.o
    0x0000a190   0x0000007c   Code   RO         4836    i.spl0601_get_temperature  spl06_01.o
    0x0000a20c   0x00000040   Code   RO         4837    i.spl0601_init      spl06_01.o
    0x0000a24c   0x00000190   Code   RO         4838    i.spl0601_rateset   spl06_01.o
    0x0000a3dc   0x00000038   Code   RO         4839    i.spl0601_read      spl06_01.o
    0x0000a414   0x00000012   Code   RO         4840    i.spl0601_start_continuous  spl06_01.o
    0x0000a426   0x00000026   Code   RO         4844    i.spl0601_write     spl06_01.o
    0x0000a44c   0x00000050   Code   RO          803    i.sysBurnAbleCheck  user_systemrun.o
    0x0000a49c   0x0000007c   Code   RO          804    i.sysTemRunInit     user_systemrun.o
    0x0000a518   0x00000020   Code   RO          805    i.systemRun         user_systemrun.o
    0x0000a538   0x000000ec   Code   RO          806    i.systemSignalInput  user_systemrun.o
    0x0000a624   0x0000006c   Code   RO          807    i.systemSignalOutPut  user_systemrun.o
    0x0000a690   0x00000038   Code   RO          452    i.task              task.o
    0x0000a6c8   0x00000044   Code   RO          453    i.taskTick          task.o
    0x0000a70c   0x00000034   Code   RO         1139    i.temper_err_get    user_temper.o
    0x0000a740   0x00000010   Code   RO         1140    i.temper_ntc_error_get  user_temper.o
    0x0000a750   0x00000010   Code   RO         1141    i.temper_result_get  user_temper.o
    0x0000a760   0x00000090   Code   RO         4530    i.usartCheckReceive  mdl_usart.o
    0x0000a7f0   0x00000038   Code   RO         4531    i.usartClearReceive  mdl_usart.o
    0x0000a828   0x0000002c   Code   RO         4532    i.usartGetReceive   mdl_usart.o
    0x0000a854   0x00000060   Code   RO         4533    i.usartInit         mdl_usart.o
    0x0000a8b4   0x0000009c   Code   RO         4534    i.usartSend         mdl_usart.o
    0x0000a950   0x00000060   Code   RO         4535    i.usartSendOverTimerProt  mdl_usart.o
    0x0000a9b0   0x0000002c   Code   RO         1693    i.user_adaptive     user_adaptive.o
    0x0000a9dc   0x00000070   Code   RO         1694    i.user_adaptive_airPress_adjust  user_adaptive.o
    0x0000aa4c   0x000000f0   Code   RO         1695    i.user_adaptive_coupling_adjust  user_adaptive.o
    0x0000ab3c   0x00000030   Code   RO         1696    i.user_adaptive_init  user_adaptive.o
    0x0000ab6c   0x00000068   Code   RO         1697    i.user_adaptive_lowTemper_adjust  user_adaptive.o
    0x0000abd4   0x000000b4   Code   RO          536    i.user_comm_operator_check_receive  user_comm.o
    0x0000ac88   0x0000002c   Code   RO          537    i.user_comm_operator_unpack_receive  user_comm.o
    0x0000acb4   0x00000028   Code   RO          454    i.user_handle       task.o
    0x0000acdc   0x000000f8   Code   RO         1142    i.user_temper       user_temper.o
    0x0000add4   0x00000014   Code   RO         1143    i.user_temper_init  user_temper.o
    0x0000ade8   0x00000014   Code   RO         4719    i.writeFlashSector0  mdl_flash.o
    0x0000adfc   0x00000014   Code   RO         4720    i.writeFlashSector1  mdl_flash.o
    0x0000ae10   0x00000580   Data   RO          539    .constdata          user_comm.o
    0x0000b390   0x000002a0   Data   RO          809    .constdata          user_systemrun.o
    0x0000b630   0x000002a0   Data   RO         1096    .constdata          user_machineinfo.o
    0x0000b8d0   0x000002d0   Data   RO         1145    .constdata          user_temper.o
    0x0000bba0   0x000003f0   Data   RO         1279    .constdata          user_debug.o
    0x0000bf90   0x000002a4   Data   RO         1330    .constdata          user_washmode.o
    0x0000c234   0x0000029c   Data   RO         1416    .constdata          user_function.o
    0x0000c4d0   0x000002ac   Data   RO         1524    .constdata          user_pump.o
    0x0000c77c   0x000000e0   Data   RO         1776    .constdata          bsp_adc.o
    0x0000c85c   0x0000029f   Data   RO         4722    .constdata          mdl_flash.o
    0x0000cafb   0x00000001   PAD
    0x0000cafc   0x00000298   Data   RO         4784    .constdata          mdl_ds1302.o
    0x0000cd94   0x0000030c   Data   RO         4968    .constdata          fsm.o
    0x0000d0a0   0x00000020   Data   RO         5393    Region$$Table       anon$$obj.o


    Execution Region RW_IRAM1 (Base: 0x20000000, Size: 0x00000ac8, Max: 0x00004000, ABSOLUTE, COMPRESSED[0x00000050])

    Base Addr    Size         Type   Attr      Idx    E Section Name        Object

    0x20000000   0x00000004   Data   RW            6    .data               system_sh30f9xx_sb0.o
    0x20000004   0x00000001   Data   RW          332    .data               sh30f9xx_sb0_interrupt.o
    0x20000005   0x00000003   PAD
    0x20000008   0x00000044   Data   RW          456    .data               task.o
    0x2000004c   0x0000001c   Data   RW          540    .data               user_comm.o
    0x20000068   0x00000006   Data   RW          706    .data               user_dcfan.o
    0x2000006e   0x00000009   Data   RW          810    .data               user_systemrun.o
    0x20000077   0x00000001   PAD
    0x20000078   0x0000001c   Data   RW          942    .data               user_tmpctrl.o
    0x20000094   0x0000000a   Data   RW         1097    .data               user_machineinfo.o
    0x2000009e   0x00000001   Data   RW         1146    .data               user_temper.o
    0x2000009f   0x00000001   PAD
    0x200000a0   0x0000000d   Data   RW         1280    .data               user_debug.o
    0x200000ad   0x00000003   PAD
    0x200000b0   0x00000011   Data   RW         1331    .data               user_washmode.o
    0x200000c1   0x00000003   PAD
    0x200000c4   0x00000026   Data   RW         1417    .data               user_function.o
    0x200000ea   0x00000002   PAD
    0x200000ec   0x00000038   Data   RW         1525    .data               user_pump.o
    0x20000124   0x0000000e   Data   RW         1700    .data               user_adaptive.o
    0x20000132   0x00000002   PAD
    0x20000134   0x00000008   Data   RW         3185    .data               sh30f9xx_sb0_pca.o
    0x2000013c   0x00000001   Data   RW         4196    .data               drv_inoutput.o
    0x2000013d   0x00000001   PAD
    0x2000013e   0x00000009   Data   RW         4293    .data               drv_dcfan.o
    0x20000147   0x00000002   Data   RW         4417    .data               mdl_adc.o
    0x20000149   0x00000003   PAD
    0x2000014c   0x00000030   Data   RW         4538    .data               mdl_usart.o
    0x2000017c   0x00000017   Data   RW         4600    .data               mdl_valve.o
    0x20000193   0x00000001   PAD
    0x20000194   0x00000006   Data   RW         4673    .data               mdl_blf.o
    0x2000019a   0x00000003   Data   RW         4785    .data               mdl_ds1302.o
    0x2000019d   0x00000003   PAD
    0x200001a0   0x00000004   Data   RW         4847    .data               spl06_01.o
    0x200001a4   0x00000002   Data   RW         4969    .data               fsm.o
    0x200001a6   0x00000008   Data   RW         5067    .data               fsm_idle.o
    0x200001ae   0x00000003   Data   RW         5097    .data               fsm_igintion.o
    0x200001b1   0x00000001   PAD
    0x200001b2   0x00000003   Data   RW         5157    .data               fsm_prefan.o
    0x200001b5   0x00000001   Data   RW         5216    .data               fsm_debug.o
    0x200001b6   0x00000002   PAD
    0x200001b8   0x0000008f   Zero   RW          538    .bss                user_comm.o
    0x20000247   0x00000001   PAD
    0x20000248   0x00000018   Zero   RW          704    .bss                user_dcfan.o
    0x20000260   0x0000003e   Zero   RW          808    .bss                user_systemrun.o
    0x2000029e   0x00000122   Zero   RW          940    .bss                user_tmpctrl.o
    0x200003c0   0x00000048   Zero   RW         1095    .bss                user_machineinfo.o
    0x20000408   0x00000032   Zero   RW         1144    .bss                user_temper.o
    0x2000043a   0x0000001c   Zero   RW         1204    .bss                user_segctrl.o
    0x20000456   0x0000000a   Zero   RW         1329    .bss                user_washmode.o
    0x20000460   0x00000014   Zero   RW         1415    .bss                user_function.o
    0x20000474   0x00000012   Zero   RW         1523    .bss                user_pump.o
    0x20000486   0x00000002   PAD
    0x20000488   0x00000018   Zero   RW         1698    .bss                user_adaptive.o
    0x200004a0   0x00000024   Zero   RW         2221    .bss                bsp_uart0.o
    0x200004c4   0x00000024   Zero   RW         2257    .bss                bsp_uart1.o
    0x200004e8   0x0000000a   Zero   RW         4194    .bss                drv_inoutput.o
    0x200004f2   0x00000054   Zero   RW         4415    .bss                mdl_adc.o
    0x20000546   0x00000002   PAD
    0x20000548   0x00000028   Zero   RW         4463    .bss                mdl_getwave.o
    0x20000570   0x000000c8   Zero   RW         4536    .bss                mdl_usart.o
    0x20000638   0x00000048   Zero   RW         4721    .bss                mdl_flash.o
    0x20000680   0x0000002c   Zero   RW         4845    .bss                spl06_01.o
    0x200006ac   0x00000018   Zero   RW         5303    .bss                wjl_rsq_ai_v1.o
    0x200006c4   0x00000004   PAD
    0x200006c8   0x00000400   Zero   RW           56    STACK               startup_sh30f9xx_sb0_keil.o


==============================================================================

Image component sizes


      Code (inc. data)   RO Data    RW Data    ZI Data      Debug   Object Name

       276         18        224          0          0     142029   bsp_adc.o
       118          0          0          0          0       1737   bsp_eeprom.o
       224         12          0          0          0      55468   bsp_exit.o
       344         12          0          0          0       3429   bsp_gpio.o
        10          0          0          0          0        412   bsp_iwdt.o
        24          0          0          0          0        415   bsp_lvr.o
       424         24          0          0          0       1506   bsp_pca.o
       148         12          0          0          0        943   bsp_pwm.o
       196         22          0          0          0       7651   bsp_systick.o
        92         10          0          0          0       7559   bsp_tim.o
       172          8          0          0         36       1526   bsp_uart0.o
       172          8          0          0         36       1526   bsp_uart1.o
       236         14          0          0          0        801   bsp_uart2.o
       252         44          0          9          0       1802   drv_dcfan.o
       516         30          0          1         10       3842   drv_inoutput.o
        40         10          0          0          0        497   drv_pump.o
       118          0          0          0          0       1966   fifo.o
       112         26        780          2          0       2560   fsm.o
      1388         20          0          1          0       2065   fsm_debug.o
        84          4          0          0          0        868   fsm_e0.o
        84          6          0          0          0        924   fsm_endclean.o
       294          4          0          0          0       1002   fsm_error.o
       198          6          0          0          0        932   fsm_f6.o
       264          8          0          8          0       1512   fsm_idle.o
       792         24          0          3          0       1906   fsm_igintion.o
       184          6          0          0          0       1052   fsm_init.o
       600         20          0          3          0       1348   fsm_prefan.o
       612         28          0          0          0       1288   fsm_stable.o
        72         10          0          0          0     146064   main.o
       264         26          0          2         84       2642   mdl_adc.o
       396         34          0          6          0       2624   mdl_blf.o
       362         14        664          3          0       3158   mdl_ds1302.o
       390         44        671          0         72       6286   mdl_flash.o
       946         54          0          0         40       5981   mdl_getwave.o
       840         46          0         48        200       5159   mdl_usart.o
      1036         88          0         23          0       5405   mdl_valve.o
       290         14          0          0          0       4349   sh30f9xx_sb0_adc.o
       400         22          0          0          0       3021   sh30f9xx_sb0_exti.o
       726         84          0          0          0       8794   sh30f9xx_sb0_flash.o
       282          4          0          0          0       4213   sh30f9xx_sb0_gpio.o
        48         18          0          0          0       1041   sh30f9xx_sb0_hwdt.o
       190         24          0          1          0      22557   sh30f9xx_sb0_interrupt.o
       366         20          0          8          0       3464   sh30f9xx_sb0_pca.o
       180         18          0          0          0       2830   sh30f9xx_sb0_pwm.o
       832        130          0          0          0       8867   sh30f9xx_sb0_rcc.o
        72          8          0          0          0       1118   sh30f9xx_sb0_syscfg.o
       404         66          0          0          0       2923   sh30f9xx_sb0_timer.o
       370          0          0          0          0       3097   sh30f9xx_sb0_uart.o
       474         18          0          0          0       2532   softwarei2c.o
      1728         46          0          4         44       6634   spl06_01.o
        32         10        192          0       1024        720   startup_sh30f9xx_sb0_keil.o
       268         46          0          4          0     127663   system_sh30f9xx_sb0.o
       270         12          0         68          0       3617   task.o
       612         54          0         14         24       4543   user_adaptive.o
      3298        282       1408         28        143      15623   user_comm.o
      1486         56          0          6         24       7448   user_dcfan.o
       520         34       1008         13          0       3468   user_debug.o
      1636        144        668         38         20       7875   user_function.o
      1912        180        672         10         72       4411   user_machineinfo.o
      4598        376        684         56         18      18771   user_pump.o
      1096         38          0          0         28       6083   user_segctrl.o
      1716         80        672          9         62       9768   user_systemrun.o
       504         52        720          1         50       4703   user_temper.o
      4440        208          0         28        290      18439   user_tmpctrl.o
      1036         86        676         17         10       5987   user_washmode.o
       232         16          0          0         24       2141   wjl_rsq_ai_v1.o

    ----------------------------------------------------------------------
     42350       2838       9072        440       2320     742585   Object Totals
         0          0         32          0          0          0   (incl. Generated)
        52          0          1         26          9          0   (incl. Padding)

    ----------------------------------------------------------------------

      Code (inc. data)   RO Data    RW Data    ZI Data      Debug   Library Member Name

        86          0          0          0          0          0   __dczerorl2.o
         0          0          0          0          0          0   entry.o
         0          0          0          0          0          0   entry10a.o
         0          0          0          0          0          0   entry11a.o
         8          4          0          0          0          0   entry2.o
         4          0          0          0          0          0   entry5.o
         0          0          0          0          0          0   entry7b.o
         0          0          0          0          0          0   entry8b.o
         8          4          0          0          0          0   entry9a.o
        30          0          0          0          0          0   handlers.o
        40          0          0          0          0         72   idiv.o
        36          8          0          0          0         68   init.o
         0          0          0          0          0          0   iusefp.o
        32          0          0          0          0         68   llshl.o
        38          0          0          0          0         68   llsshr.o
        34          0          0          0          0         68   llushr.o
        26          0          0          0          0         72   memcmp.o
        36          0          0          0          0         60   memcpya.o
        36          0          0          0          0        100   memseta.o
        44          0          0          0          0         72   uidiv.o
        56          0          0          0          0         68   d2f.o
       356          4          0          0          0        140   dadd.o
       236          0          0          0          0        216   depilogue.o
        40          6          0          0          0         68   dflti.o
       208          6          0          0          0         88   dmul.o
        40          0          0          0          0         60   f2d.o
       178          0          0          0          0        108   fadd.o
       124          0          0          0          0         72   fdiv.o
       130          0          0          0          0        144   fepilogue.o
        40          0          0          0          0         60   ffixui.o
        22          0          0          0          0         68   fflti.o
       122          0          0          0          0         72   fmul.o

    ----------------------------------------------------------------------
      2018         32          0          0          0       1812   Library Totals
         8          0          0          0          0          0   (incl. Padding)

    ----------------------------------------------------------------------

      Code (inc. data)   RO Data    RW Data    ZI Data      Debug   Library Name

       458         16          0          0          0        648   mc_p.l
      1552         16          0          0          0       1164   mf_p.l

    ----------------------------------------------------------------------
      2018         32          0          0          0       1812   Library Totals

    ----------------------------------------------------------------------

==============================================================================


      Code (inc. data)   RO Data    RW Data    ZI Data      Debug   

     44368       2870       9072        440       2320     727725   Grand Totals
     44368       2870       9072         80       2320     727725   ELF Image Totals (compressed)
     44368       2870       9072         80          0          0   ROM Totals

==============================================================================

    Total RO  Size (Code + RO Data)                53440 (  52.19kB)
    Total RW  Size (RW Data + ZI Data)              2760 (   2.70kB)
    Total ROM Size (Code + RO Data + RW Data)      53520 (  52.27kB)

==============================================================================

